Archive member included to satisfy reference by file (symbol)

/Applications/STM32CubeIDE.app/Contents/Eclipse/plugins/com.st.stm32cube.ide.mcu.externaltools.gnu-tools-for-stm32.12.3.rel1.macos64_1.0.200.202406191456/tools/bin/../lib/gcc/arm-none-eabi/12.3.1/../../../../arm-none-eabi/lib/thumb/v7e-m+fp/hard/libc_nano.a(libc_a-exit.o)
                              /Applications/STM32CubeIDE.app/Contents/Eclipse/plugins/com.st.stm32cube.ide.mcu.externaltools.gnu-tools-for-stm32.12.3.rel1.macos64_1.0.200.202406191456/tools/bin/../lib/gcc/arm-none-eabi/12.3.1/../../../../arm-none-eabi/lib/thumb/v7e-m+fp/hard/crt0.o (exit)
/Applications/STM32CubeIDE.app/Contents/Eclipse/plugins/com.st.stm32cube.ide.mcu.externaltools.gnu-tools-for-stm32.12.3.rel1.macos64_1.0.200.202406191456/tools/bin/../lib/gcc/arm-none-eabi/12.3.1/../../../../arm-none-eabi/lib/thumb/v7e-m+fp/hard/libc_nano.a(libc_a-findfp.o)
                              /Applications/STM32CubeIDE.app/Contents/Eclipse/plugins/com.st.stm32cube.ide.mcu.externaltools.gnu-tools-for-stm32.12.3.rel1.macos64_1.0.200.202406191456/tools/bin/../lib/gcc/arm-none-eabi/12.3.1/../../../../arm-none-eabi/lib/thumb/v7e-m+fp/hard/libc_nano.a(libc_a-exit.o) (__stdio_exit_handler)
/Applications/STM32CubeIDE.app/Contents/Eclipse/plugins/com.st.stm32cube.ide.mcu.externaltools.gnu-tools-for-stm32.12.3.rel1.macos64_1.0.200.202406191456/tools/bin/../lib/gcc/arm-none-eabi/12.3.1/../../../../arm-none-eabi/lib/thumb/v7e-m+fp/hard/libc_nano.a(libc_a-fwalk.o)
                              /Applications/STM32CubeIDE.app/Contents/Eclipse/plugins/com.st.stm32cube.ide.mcu.externaltools.gnu-tools-for-stm32.12.3.rel1.macos64_1.0.200.202406191456/tools/bin/../lib/gcc/arm-none-eabi/12.3.1/../../../../arm-none-eabi/lib/thumb/v7e-m+fp/hard/libc_nano.a(libc_a-findfp.o) (_fwalk_sglue)
/Applications/STM32CubeIDE.app/Contents/Eclipse/plugins/com.st.stm32cube.ide.mcu.externaltools.gnu-tools-for-stm32.12.3.rel1.macos64_1.0.200.202406191456/tools/bin/../lib/gcc/arm-none-eabi/12.3.1/../../../../arm-none-eabi/lib/thumb/v7e-m+fp/hard/libc_nano.a(libc_a-printf.o)
                              ./Core/Src/main.o (printf)
/Applications/STM32CubeIDE.app/Contents/Eclipse/plugins/com.st.stm32cube.ide.mcu.externaltools.gnu-tools-for-stm32.12.3.rel1.macos64_1.0.200.202406191456/tools/bin/../lib/gcc/arm-none-eabi/12.3.1/../../../../arm-none-eabi/lib/thumb/v7e-m+fp/hard/libc_nano.a(libc_a-memset.o)
                              /Applications/STM32CubeIDE.app/Contents/Eclipse/plugins/com.st.stm32cube.ide.mcu.externaltools.gnu-tools-for-stm32.12.3.rel1.macos64_1.0.200.202406191456/tools/bin/../lib/gcc/arm-none-eabi/12.3.1/../../../../arm-none-eabi/lib/thumb/v7e-m+fp/hard/crt0.o (memset)
/Applications/STM32CubeIDE.app/Contents/Eclipse/plugins/com.st.stm32cube.ide.mcu.externaltools.gnu-tools-for-stm32.12.3.rel1.macos64_1.0.200.202406191456/tools/bin/../lib/gcc/arm-none-eabi/12.3.1/../../../../arm-none-eabi/lib/thumb/v7e-m+fp/hard/libc_nano.a(libc_a-impure.o)
                              /Applications/STM32CubeIDE.app/Contents/Eclipse/plugins/com.st.stm32cube.ide.mcu.externaltools.gnu-tools-for-stm32.12.3.rel1.macos64_1.0.200.202406191456/tools/bin/../lib/gcc/arm-none-eabi/12.3.1/../../../../arm-none-eabi/lib/thumb/v7e-m+fp/hard/libc_nano.a(libc_a-printf.o) (_impure_ptr)
/Applications/STM32CubeIDE.app/Contents/Eclipse/plugins/com.st.stm32cube.ide.mcu.externaltools.gnu-tools-for-stm32.12.3.rel1.macos64_1.0.200.202406191456/tools/bin/../lib/gcc/arm-none-eabi/12.3.1/../../../../arm-none-eabi/lib/thumb/v7e-m+fp/hard/libc_nano.a(libc_a-errno.o)
                              ./Core/Src/syscalls.o (__errno)
/Applications/STM32CubeIDE.app/Contents/Eclipse/plugins/com.st.stm32cube.ide.mcu.externaltools.gnu-tools-for-stm32.12.3.rel1.macos64_1.0.200.202406191456/tools/bin/../lib/gcc/arm-none-eabi/12.3.1/../../../../arm-none-eabi/lib/thumb/v7e-m+fp/hard/libc_nano.a(libc_a-init.o)
                              /Applications/STM32CubeIDE.app/Contents/Eclipse/plugins/com.st.stm32cube.ide.mcu.externaltools.gnu-tools-for-stm32.12.3.rel1.macos64_1.0.200.202406191456/tools/bin/../lib/gcc/arm-none-eabi/12.3.1/../../../../arm-none-eabi/lib/thumb/v7e-m+fp/hard/crt0.o (__libc_init_array)
/Applications/STM32CubeIDE.app/Contents/Eclipse/plugins/com.st.stm32cube.ide.mcu.externaltools.gnu-tools-for-stm32.12.3.rel1.macos64_1.0.200.202406191456/tools/bin/../lib/gcc/arm-none-eabi/12.3.1/../../../../arm-none-eabi/lib/thumb/v7e-m+fp/hard/libc_nano.a(libc_a-lock.o)
                              /Applications/STM32CubeIDE.app/Contents/Eclipse/plugins/com.st.stm32cube.ide.mcu.externaltools.gnu-tools-for-stm32.12.3.rel1.macos64_1.0.200.202406191456/tools/bin/../lib/gcc/arm-none-eabi/12.3.1/../../../../arm-none-eabi/lib/thumb/v7e-m+fp/hard/libc_nano.a(libc_a-findfp.o) (__retarget_lock_init_recursive)
[...]
Memory Configuration

Name             Origin             Length             Attributes
FLASH            0x08000000         0x00080000         xr
RAM              0x20000008         0x0002fff8         xrw
RAM_SHARED       0x20030000         0x00002800         xrw
*default*        0x00000000         0xffffffff

Linker script and memory map

LOAD /Applications/STM32CubeIDE.app/Contents/Eclipse/plugins/com.st.stm32cube.ide.mcu.externaltools.gnu-tools-for-stm32.12.3.rel1.macos64_1.0.200.202406191456/tools/bin/../lib/gcc/arm-none-eabi/12.3.1/thumb/v7e-m+fp/hard/crti.o
LOAD /Applications/STM32CubeIDE.app/Contents/Eclipse/plugins/com.st.stm32cube.ide.mcu.externaltools.gnu-tools-for-stm32.12.3.rel1.macos64_1.0.200.202406191456/tools/bin/../lib/gcc/arm-none-eabi/12.3.1/thumb/v7e-m+fp/hard/crtbegin.o
LOAD /Applications/STM32CubeIDE.app/Contents/Eclipse/plugins/com.st.stm32cube.ide.mcu.externaltools.gnu-tools-for-stm32.12.3.rel1.macos64_1.0.200.202406191456/tools/bin/../lib/gcc/arm-none-eabi/12.3.1/../../../../arm-none-eabi/lib/thumb/v7e-m+fp/hard/crt0.o
LOAD ./Core/Src/main.o
LOAD ./Core/Src/stm32wbxx_hal_msp.o
LOAD ./Core/Src/stm32wbxx_it.o
LOAD ./Core/Src/syscalls.o
LOAD ./Core/Src/sysmem.o
LOAD ./Core/Src/system_stm32wbxx.o
LOAD ./Core/Startup/startup_stm32wb55rgvx.o
LOAD ./Drivers/BSP/P-NUCLEO-WB55.Nucleo/stm32wbxx_nucleo.o
LOAD ./Drivers/CMSIS/Include/arm_cfft_f32.o
LOAD ./Drivers/CMSIS/Include/arm_rfft_fast_f32.o
LOAD ./Drivers/CMSIS/Source/arm_cfft_f32.o
LOAD ./Drivers/CMSIS/Source/arm_rfft_fast_f32.o
LOAD ./Drivers/STM32WBxx_HAL_Driver/Src/stm32wbxx_hal.o
LOAD ./Drivers/STM32WBxx_HAL_Driver/Src/stm32wbxx_hal_adc.o
LOAD ./Drivers/STM32WBxx_HAL_Driver/Src/stm32wbxx_hal_adc_ex.o
LOAD ./Drivers/STM32WBxx_HAL_Driver/Src/stm32wbxx_hal_cortex.o
LOAD ./Drivers/STM32WBxx_HAL_Driver/Src/stm32wbxx_hal_dma.o
LOAD ./Drivers/STM32WBxx_HAL_Driver/Src/stm32wbxx_hal_dma_ex.o
LOAD ./Drivers/STM32WBxx_HAL_Driver/Src/stm32wbxx_hal_exti.o
LOAD ./Drivers/STM32WBxx_HAL_Driver/Src/stm32wbxx_hal_flash.o
LOAD ./Drivers/STM32WBxx_HAL_Driver/Src/stm32wbxx_hal_flash_ex.o
LOAD ./Drivers/STM32WBxx_HAL_Driver/Src/stm32wbxx_hal_gpio.o
LOAD ./Drivers/STM32WBxx_HAL_Driver/Src/stm32wbxx_hal_hsem.o
LOAD ./Drivers/STM32WBxx_HAL_Driver/Src/stm32wbxx_hal_pwr.o
LOAD ./Drivers/STM32WBxx_HAL_Driver/Src/stm32wbxx_hal_pwr_ex.o
LOAD ./Drivers/STM32WBxx_HAL_Driver/Src/stm32wbxx_hal_rcc.o
LOAD ./Drivers/STM32WBxx_HAL_Driver/Src/stm32wbxx_hal_rcc_ex.o
LOAD ./Drivers/STM32WBxx_HAL_Driver/Src/stm32wbxx_hal_tim.o
LOAD ./Drivers/STM32WBxx_HAL_Driver/Src/stm32wbxx_hal_tim_ex.o
LOAD ./Drivers/STM32WBxx_HAL_Driver/Src/stm32wbxx_hal_uart.o
LOAD ./Drivers/STM32WBxx_HAL_Driver/Src/stm32wbxx_hal_uart_ex.o
LOAD ./Drivers/STM32WBxx_HAL_Driver/Src/stm32wbxx_hal_usart.o
LOAD ./Drivers/STM32WBxx_HAL_Driver/Src/stm32wbxx_hal_usart_ex.o
LOAD ./Drivers/STM32WBxx_HAL_Driver/Src/stm32wbxx_ll_adc.o
LOAD ./Drivers/STM32WBxx_HAL_Driver/Src/stm32wbxx_ll_rcc.o
START GROUP
LOAD /Applications/STM32CubeIDE.app/Contents/Eclipse/plugins/com.st.stm32cube.ide.mcu.externaltools.gnu-tools-for-stm32.12.3.rel1.macos64_1.0.200.202406191456/tools/bin/../lib/gcc/arm-none-eabi/12.3.1/../../../../arm-none-eabi/lib/thumb/v7e-m+fp/hard/libc_nano.a
LOAD /Applications/STM32CubeIDE.app/Contents/Eclipse/plugins/com.st.stm32cube.ide.mcu.externaltools.gnu-tools-for-stm32.12.3.rel1.macos64_1.0.200.202406191456/tools/bin/../lib/gcc/arm-none-eabi/12.3.1/../../../../arm-none-eabi/lib/thumb/v7e-m+fp/hard/libm.a
END GROUP
START GROUP
LOAD /Applications/STM32CubeIDE.app/Contents/Eclipse/plugins/com.st.stm32cube.ide.mcu.externaltools.gnu-tools-for-stm32.12.3.rel1.macos64_1.0.200.202406191456/tools/bin/../lib/gcc/arm-none-eabi/12.3.1/thumb/v7e-m+fp/hard/libgcc.a
LOAD /Applications/STM32CubeIDE.app/Contents/Eclipse/plugins/com.st.stm32cube.ide.mcu.externaltools.gnu-tools-for-stm32.12.3.rel1.macos64_1.0.200.202406191456/tools/bin/../lib/gcc/arm-none-eabi/12.3.1/../../../../arm-none-eabi/lib/thumb/v7e-m+fp/hard/libc_nano.a
END GROUP
START GROUP
LOAD /Applications/STM32CubeIDE.app/Contents/Eclipse/plugins/com.st.stm32cube.ide.mcu.externaltools.gnu-tools-for-stm32.12.3.rel1.macos64_1.0.200.202406191456/tools/bin/../lib/gcc/arm-none-eabi/12.3.1/thumb/v7e-m+fp/hard/libgcc.a
LOAD /Applications/STM32CubeIDE.app/Contents/Eclipse/plugins/com.st.stm32cube.ide.mcu.externaltools.gnu-tools-for-stm32.12.3.rel1.macos64_1.0.200.202406191456/tools/bin/../lib/gcc/arm-none-eabi/12.3.1/../../../../arm-none-eabi/lib/thumb/v7e-m+fp/hard/libc_nano.a
LOAD /Applications/STM32CubeIDE.app/Contents/Eclipse/plugins/com.st.stm32cube.ide.mcu.externaltools.gnu-tools-for-stm32.12.3.rel1.macos64_1.0.200.202406191456/tools/bin/../lib/gcc/arm-none-eabi/12.3.1/../../../../arm-none-eabi/lib/thumb/v7e-m+fp/hard/libnosys.a
END GROUP
START GROUP
LOAD /Applications/STM32CubeIDE.app/Contents/Eclipse/plugins/com.st.stm32cube.ide.mcu.externaltools.gnu-tools-for-stm32.12.3.rel1.macos64_1.0.200.202406191456/tools/bin/../lib/gcc/arm-none-eabi/12.3.1/thumb/v7e-m+fp/hard/libgcc.a
LOAD /Applications/STM32CubeIDE.app/Contents/Eclipse/plugins/com.st.stm32cube.ide.mcu.externaltools.gnu-tools-for-stm32.12.3.rel1.macos64_1.0.200.202406191456/tools/bin/../lib/gcc/arm-none-eabi/12.3.1/../../../../arm-none-eabi/lib/thumb/v7e-m+fp/hard/libc_nano.a
LOAD /Applications/STM32CubeIDE.app/Contents/Eclipse/plugins/com.st.stm32cube.ide.mcu.externaltools.gnu-tools-for-stm32.12.3.rel1.macos64_1.0.200.202406191456/tools/bin/../lib/gcc/arm-none-eabi/12.3.1/../../../../arm-none-eabi/lib/thumb/v7e-m+fp/hard/libnosys.a
END GROUP
LOAD /Applications/STM32CubeIDE.app/Contents/Eclipse/plugins/com.st.stm32cube.ide.mcu.externaltools.gnu-tools-for-stm32.12.3.rel1.macos64_1.0.200.202406191456/tools/bin/../lib/gcc/arm-none-eabi/12.3.1/thumb/v7e-m+fp/hard/crtend.o
LOAD /Applications/STM32CubeIDE.app/Contents/Eclipse/plugins/com.st.stm32cube.ide.mcu.externaltools.gnu-tools-for-stm32.12.3.rel1.macos64_1.0.200.202406191456/tools/bin/../lib/gcc/arm-none-eabi/12.3.1/thumb/v7e-m+fp/hard/crtn.o
                0x20030000                        _estack = (ORIGIN (RAM) + LENGTH (RAM))
                0x00000200                        _Min_Heap_Size = 0x200
                0x00000400                        _Min_Stack_Size = 0x400

.isr_vector     0x08000000      0x13c
                0x08000000                        . = ALIGN (0x4)
 *(.isr_vector)
 .isr_vector    0x08000000      0x13c ./Core/Startup/startup_stm32wb55rgvx.o
                0x08000000                g_pfnVectors
                0x0800013c                        . = ALIGN (0x4)

.text           0x08000140     0x7f48
                0x08000140                        . = ALIGN (0x4)
 *(.text)
 .text          0x08000140       0x40 /Applications/STM32CubeIDE.app/Contents/Eclipse/plugins/com.st.stm32cube.ide.mcu.externaltools.gnu-tools-for-stm32.12.3.rel1.macos64_1.0.200.202406191456/tools/bin/../lib/gcc/arm-none-eabi/12.3.1/thumb/v7e-m+fp/hard/crtbegin.o
 .text          0x08000180       0xa0 /Applications/STM32CubeIDE.app/Contents/Eclipse/plugins/com.st.stm32cube.ide.mcu.externaltools.gnu-tools-for-stm32.12.3.rel1.macos64_1.0.200.202406191456/tools/bin/../lib/gcc/arm-none-eabi/12.3.1/../../../../arm-none-eabi/lib/thumb/v7e-m+fp/hard/libc_nano.a(libc_a-memchr.o)
                0x08000180                memchr
 .text          0x08000220      0x378 /Applications/STM32CubeIDE.app/Contents/Eclipse/plugins/com.st.stm32cube.ide.mcu.externaltools.gnu-tools-for-stm32.12.3.rel1.macos64_1.0.200.202406191456/tools/bin/../lib/gcc/arm-none-eabi/12.3.1/thumb/v7e-m+fp/hard/libgcc.a(_arm_addsubdf3.o)
                0x08000220                __aeabi_drsub
                0x08000228                __subdf3
                0x08000228                __aeabi_dsub
                0x0800022c                __aeabi_dadd
                0x0800022c                __adddf3
                0x080004a4                __aeabi_ui2d
                0x080004a4                __floatunsidf
                0x080004c4                __floatsidf
                0x080004c4                __aeabi_i2d
                0x080004e8                __extendsfdf2
                0x080004e8                __aeabi_f2d
                0x0800052c                __aeabi_ul2d
                0x0800052c                __floatundidf
                0x0800053c                __aeabi_l2d
                0x0800053c                __floatdidf
 .text          0x08000598       0x30 /Applications/STM32CubeIDE.app/Contents/Eclipse/plugins/com.st.stm32cube.ide.mcu.externaltools.gnu-tools-for-stm32.12.3.rel1.macos64_1.0.200.202406191456/tools/bin/../lib/gcc/arm-none-eabi/12.3.1/thumb/v7e-m+fp/hard/libgcc.a(_aeabi_uldivmod.o)
                0x08000598                __aeabi_uldivmod
 .text          0x080005c8      0x2bc /Applications/STM32CubeIDE.app/Contents/Eclipse/plugins/com.st.stm32cube.ide.mcu.externaltools.gnu-tools-for-stm32.12.3.rel1.macos64_1.0.200.202406191456/tools/bin/../lib/gcc/arm-none-eabi/12.3.1/thumb/v7e-m+fp/hard/libgcc.a(_udivmoddi4.o)
                0x080005c8                __udivmoddi4
 .text          0x08000884        0x4 /Applications/STM32CubeIDE.app/Contents/Eclipse/plugins/com.st.stm32cube.ide.mcu.externaltools.gnu-tools-for-stm32.12.3.rel1.macos64_1.0.200.202406191456/tools/bin/../lib/gcc/arm-none-eabi/12.3.1/thumb/v7e-m+fp/hard/libgcc.a(_dvmd_tls.o)
                0x08000884                __aeabi_ldiv0
                0x08000884                __aeabi_idiv0
 *(.text*)
 .text.LL_AHB1_GRP1_EnableClock
                0x08000888       0x32 ./Core/Src/main.o
 .text.LL_AHB2_GRP1_EnableClock
                0x080008ba       0x32 ./Core/Src/main.o
 .text.main     0x080008ec      0x290 ./Core/Src/main.o
                0x080008ec                main
 .text.SystemClock_Config
                0x08000b7c       0xd4 ./Core/Src/main.o
                0x08000b7c                SystemClock_Config
 .text.PeriphCommonClock_Config
                0x08000c50       0x3a ./Core/Src/main.o
                0x08000c50                PeriphCommonClock_Config
 *fill*         0x08000c8a        0x2 
 .text.MX_ADC1_Init
                0x08000c8c      0x110 ./Core/Src/main.o
 .text.MX_LPUART1_UART_Init
                0x08000d9c       0x9c ./Core/Src/main.o
 .text.MX_DMA_Init
                0x08000e38       0x24 ./Core/Src/main.o
 .text.MX_GPIO_Init
                0x08000e5c       0x78 ./Core/Src/main.o
 .text.HAL_ADC_ConvCpltCallback
                0x08000ed4       0x2c ./Core/Src/main.o
                0x08000ed4                HAL_ADC_ConvCpltCallback
 .text.LogSpeed
                0x08000f00       0x30 ./Core/Src/main.o
                0x08000f00                LogSpeed
 .text.Error_Handler
                0x08000f30        0xc ./Core/Src/main.o
                0x08000f30                Error_Handler
 .text.LL_AHB2_GRP1_EnableClock
                0x08000f3c       0x32 ./Core/Src/stm32wbxx_hal_msp.o
 .text.LL_APB1_GRP2_EnableClock
                0x08000f6e       0x32 ./Core/Src/stm32wbxx_hal_msp.o
 .text.HAL_MspInit
                0x08000fa0        0xe ./Core/Src/stm32wbxx_hal_msp.o
                0x08000fa0                HAL_MspInit
 *fill*         0x08000fae        0x2 
 .text.HAL_ADC_MspInit
                0x08000fb0      0x104 ./Core/Src/stm32wbxx_hal_msp.o
                0x08000fb0                HAL_ADC_MspInit
 .text.HAL_UART_MspInit
                0x080010b4       0x88 ./Core/Src/stm32wbxx_hal_msp.o
                0x080010b4                HAL_UART_MspInit
 .text.NMI_Handler
                0x0800113c        0x8 ./Core/Src/stm32wbxx_it.o
                0x0800113c                NMI_Handler
 .text.HardFault_Handler
                0x08001144        0x8 ./Core/Src/stm32wbxx_it.o
                0x08001144                HardFault_Handler
 .text.MemManage_Handler
                0x0800114c        0x8 ./Core/Src/stm32wbxx_it.o
                0x0800114c                MemManage_Handler
 .text.BusFault_Handler
                0x08001154        0x8 ./Core/Src/stm32wbxx_it.o
                0x08001154                BusFault_Handler
 .text.UsageFault_Handler
                0x0800115c        0x8 ./Core/Src/stm32wbxx_it.o
                0x0800115c                UsageFault_Handler
 .text.SVC_Handler
                0x08001164        0xe ./Core/Src/stm32wbxx_it.o
                0x08001164                SVC_Handler
 .text.DebugMon_Handler
                0x08001172        0xe ./Core/Src/stm32wbxx_it.o
                0x08001172                DebugMon_Handler
 .text.PendSV_Handler
                0x08001180        0xe ./Core/Src/stm32wbxx_it.o
                0x08001180                PendSV_Handler
 .text.SysTick_Handler
                0x0800118e        0xc ./Core/Src/stm32wbxx_it.o
                0x0800118e                SysTick_Handler
 .text.EXTI0_IRQHandler
                0x0800119a        0xe ./Core/Src/stm32wbxx_it.o
                0x0800119a                EXTI0_IRQHandler
 .text.EXTI1_IRQHandler
                0x080011a8        0xe ./Core/Src/stm32wbxx_it.o
                0x080011a8                EXTI1_IRQHandler
 .text.EXTI4_IRQHandler
                0x080011b6        0xe ./Core/Src/stm32wbxx_it.o
                0x080011b6                EXTI4_IRQHandler
 .text.DMA1_Channel1_IRQHandler
                0x080011c4       0x14 ./Core/Src/stm32wbxx_it.o
                0x080011c4                DMA1_Channel1_IRQHandler
 .text._read    0x080011d8       0x3a ./Core/Src/syscalls.o
                0x080011d8                _read
 .text._write   0x08001212       0x38 ./Core/Src/syscalls.o
                0x08001212                _write
 .text._close   0x0800124a       0x18 ./Core/Src/syscalls.o
                0x0800124a                _close
 .text._fstat   0x08001262       0x20 ./Core/Src/syscalls.o
                0x08001262                _fstat
 .text._isatty  0x08001282       0x16 ./Core/Src/syscalls.o
                0x08001282                _isatty
 .text._lseek   0x08001298       0x1a ./Core/Src/syscalls.o
                0x08001298                _lseek
 *fill*         0x080012b2        0x2 
 .text._sbrk    0x080012b4       0x6c ./Core/Src/sysmem.o
                0x080012b4                _sbrk
 .text.SystemInit
                0x08001320       0xa4 ./Core/Src/system_stm32wbxx.o
                0x08001320                SystemInit
 .text.data_initializers
                0x080013c4       0x18 ./Core/Startup/startup_stm32wb55rgvx.o
 .text.Reset_Handler
                0x080013dc       0x58 ./Core/Startup/startup_stm32wb55rgvx.o
                0x080013dc                Reset_Handler
 .text.Default_Handler
                0x08001434        0x2 ./Core/Startup/startup_stm32wb55rgvx.o
                0x08001434                DMA2_Channel3_IRQHandler
                0x08001434                EXTI2_IRQHandler
                0x08001434                TIM1_CC_IRQHandler
                0x08001434                TSC_IRQHandler
                0x08001434                USB_HP_IRQHandler
                0x08001434                EXTI3_IRQHandler
                0x08001434                LPTIM2_IRQHandler
                0x08001434                I2C3_ER_IRQHandler
                0x08001434                FPU_IRQHandler
                0x08001434                TIM1_UP_TIM16_IRQHandler
                0x08001434                AES1_IRQHandler
                0x08001434                SPI1_IRQHandler
                0x08001434                PWR_SOTF_BLEACT_802ACT_RFPHASE_IRQHandler
                0x08001434                DMA2_Channel2_IRQHandler
                0x08001434                DMA1_Channel4_IRQHandler
                0x08001434                ADC1_IRQHandler
                0x08001434                PKA_IRQHandler
                0x08001434                DMA1_Channel7_IRQHandler
                0x08001434                LCD_IRQHandler
                0x08001434                IPCC_C1_TX_IRQHandler
                0x08001434                DMA2_Channel1_IRQHandler
                0x08001434                QUADSPI_IRQHandler
                0x08001434                I2C1_EV_IRQHandler
                0x08001434                DMAMUX1_OVR_IRQHandler
                0x08001434                DMA1_Channel6_IRQHandler
                0x08001434                DMA2_Channel4_IRQHandler
                0x08001434                RCC_IRQHandler
                0x08001434                Default_Handler
                0x08001434                DMA2_Channel7_IRQHandler
                0x08001434                EXTI15_10_IRQHandler
                0x08001434                IPCC_C1_RX_IRQHandler
                0x08001434                C2SEV_PWR_C2H_IRQHandler
                0x08001434                AES2_IRQHandler
                0x08001434                I2C3_EV_IRQHandler
                0x08001434                EXTI9_5_IRQHandler
                0x08001434                RTC_WKUP_IRQHandler
                0x08001434                PVD_PVM_IRQHandler
                0x08001434                SPI2_IRQHandler
                0x08001434                DMA2_Channel5_IRQHandler
                0x08001434                CRS_IRQHandler
                0x08001434                DMA1_Channel5_IRQHandler
                0x08001434                USB_LP_IRQHandler
                0x08001434                RNG_IRQHandler
                0x08001434                TIM1_TRG_COM_TIM17_IRQHandler
                0x08001434                TAMP_STAMP_LSECSS_IRQHandler
                0x08001434                DMA1_Channel3_IRQHandler
                0x08001434                COMP_IRQHandler
                0x08001434                HSEM_IRQHandler
                0x08001434                WWDG_IRQHandler
                0x08001434                LPUART1_IRQHandler
                0x08001434                DMA2_Channel6_IRQHandler
                0x08001434                TIM2_IRQHandler
                0x08001434                TIM1_BRK_IRQHandler
                0x08001434                DMA1_Channel2_IRQHandler
                0x08001434                FLASH_IRQHandler
                0x08001434                USART1_IRQHandler
                0x08001434                I2C1_ER_IRQHandler
                0x08001434                LPTIM1_IRQHandler
                0x08001434                SAI1_IRQHandler
                0x08001434                RTC_Alarm_IRQHandler
 .text.LL_AHB2_GRP1_EnableClock
                0x08001436       0x32 ./Drivers/BSP/P-NUCLEO-WB55.Nucleo/stm32wbxx_nucleo.o
 .text.LL_APB2_GRP1_EnableClock
                0x08001468       0x32 ./Drivers/BSP/P-NUCLEO-WB55.Nucleo/stm32wbxx_nucleo.o
 *fill*         0x0800149a        0x2 
 .text.BSP_LED_Init
                0x0800149c       0x74 ./Drivers/BSP/P-NUCLEO-WB55.Nucleo/stm32wbxx_nucleo.o
                0x0800149c                BSP_LED_Init
 .text.BSP_PB_Init
                0x08001510       0xe0 ./Drivers/BSP/P-NUCLEO-WB55.Nucleo/stm32wbxx_nucleo.o
                0x08001510                BSP_PB_Init
 .text.BSP_COM_Init
                0x080015f0       0x60 ./Drivers/BSP/P-NUCLEO-WB55.Nucleo/stm32wbxx_nucleo.o
                0x080015f0                BSP_COM_Init
 .text.MX_LPUART1_Init
                0x08001650       0x64 ./Drivers/BSP/P-NUCLEO-WB55.Nucleo/stm32wbxx_nucleo.o
                0x08001650                MX_LPUART1_Init
 .text.__io_putchar
                0x080016b4       0x38 ./Drivers/BSP/P-NUCLEO-WB55.Nucleo/stm32wbxx_nucleo.o
                0x080016b4                __io_putchar
 .text.COM1_MspInit
                0x080016ec       0x60 ./Drivers/BSP/P-NUCLEO-WB55.Nucleo/stm32wbxx_nucleo.o
 .text.arm_cfft_radix8by2_f32
                0x0800174c      0x3e8 ./Drivers/CMSIS/Include/arm_cfft_f32.o
                0x0800174c                arm_cfft_radix8by2_f32
 .text.arm_cfft_radix8by4_f32
                0x08001b34      0xc60 ./Drivers/CMSIS/Include/arm_cfft_f32.o
                0x08001b34                arm_cfft_radix8by4_f32
 .text.arm_cfft_f32
                0x08002794      0x174 ./Drivers/CMSIS/Include/arm_cfft_f32.o
                0x08002794                arm_cfft_f32
 .text.stage_rfft_f32
                0x08002908      0x1ca ./Drivers/CMSIS/Include/arm_rfft_fast_f32.o
                0x08002908                stage_rfft_f32
 .text.merge_rfft_f32
                0x08002ad2      0x192 ./Drivers/CMSIS/Include/arm_rfft_fast_f32.o
                0x08002ad2                merge_rfft_f32
 .text.arm_rfft_fast_f32
                0x08002c64       0x5a ./Drivers/CMSIS/Include/arm_rfft_fast_f32.o
                0x08002c64                arm_rfft_fast_f32
 *fill*         0x08002cbe        0x2 
 .text.HAL_Init
                0x08002cc0       0x40 ./Drivers/STM32WBxx_HAL_Driver/Src/stm32wbxx_hal.o
                0x08002cc0                HAL_Init
 .text.HAL_InitTick
                0x08002d00       0x74 ./Drivers/STM32WBxx_HAL_Driver/Src/stm32wbxx_hal.o
                0x08002d00                HAL_InitTick
 .text.HAL_IncTick
                0x08002d74       0x28 ./Drivers/STM32WBxx_HAL_Driver/Src/stm32wbxx_hal.o
                0x08002d74                HAL_IncTick
 .text.HAL_GetTick
                0x08002d9c       0x18 ./Drivers/STM32WBxx_HAL_Driver/Src/stm32wbxx_hal.o
                0x08002d9c                HAL_GetTick
 .text.HAL_GetTickPrio
                0x08002db4       0x18 ./Drivers/STM32WBxx_HAL_Driver/Src/stm32wbxx_hal.o
                0x08002db4                HAL_GetTickPrio
 .text.HAL_Delay
                0x08002dcc       0x48 ./Drivers/STM32WBxx_HAL_Driver/Src/stm32wbxx_hal.o
                0x08002dcc                HAL_Delay
 .text.LL_ADC_SetCommonClock
                0x08002e14       0x26 ./Drivers/STM32WBxx_HAL_Driver/Src/stm32wbxx_hal_adc.o
 .text.LL_ADC_SetCommonPathInternalCh
                0x08002e3a       0x26 ./Drivers/STM32WBxx_HAL_Driver/Src/stm32wbxx_hal_adc.o
 .text.LL_ADC_GetCommonPathInternalCh
                0x08002e60       0x1c ./Drivers/STM32WBxx_HAL_Driver/Src/stm32wbxx_hal_adc.o
 .text.LL_ADC_SetOffset
                0x08002e7c       0x48 ./Drivers/STM32WBxx_HAL_Driver/Src/stm32wbxx_hal_adc.o
 .text.LL_ADC_GetOffsetChannel
                0x08002ec4       0x2c ./Drivers/STM32WBxx_HAL_Driver/Src/stm32wbxx_hal_adc.o
 .text.LL_ADC_SetOffsetState
                0x08002ef0       0x36 ./Drivers/STM32WBxx_HAL_Driver/Src/stm32wbxx_hal_adc.o
 .text.LL_ADC_REG_IsTriggerSourceSWStart
                0x08002f26       0x26 ./Drivers/STM32WBxx_HAL_Driver/Src/stm32wbxx_hal_adc.o
 .text.LL_ADC_REG_SetSequencerRanks
                0x08002f4c       0x58 ./Drivers/STM32WBxx_HAL_Driver/Src/stm32wbxx_hal_adc.o
 .text.LL_ADC_SetChannelSamplingTime
                0x08002fa4       0x56 ./Drivers/STM32WBxx_HAL_Driver/Src/stm32wbxx_hal_adc.o
 *fill*         0x08002ffa        0x2 
 .text.LL_ADC_SetChannelSingleDiff
                0x08002ffc       0x48 ./Drivers/STM32WBxx_HAL_Driver/Src/stm32wbxx_hal_adc.o
 .text.LL_ADC_DisableDeepPowerDown
                0x08003044       0x24 ./Drivers/STM32WBxx_HAL_Driver/Src/stm32wbxx_hal_adc.o
 .text.LL_ADC_IsDeepPowerDownEnabled
                0x08003068       0x28 ./Drivers/STM32WBxx_HAL_Driver/Src/stm32wbxx_hal_adc.o
 .text.LL_ADC_EnableInternalRegulator
                0x08003090       0x28 ./Drivers/STM32WBxx_HAL_Driver/Src/stm32wbxx_hal_adc.o
 .text.LL_ADC_IsInternalRegulatorEnabled
                0x080030b8       0x28 ./Drivers/STM32WBxx_HAL_Driver/Src/stm32wbxx_hal_adc.o
 .text.LL_ADC_Enable
                0x080030e0       0x28 ./Drivers/STM32WBxx_HAL_Driver/Src/stm32wbxx_hal_adc.o
 .text.LL_ADC_IsEnabled
                0x08003108       0x26 ./Drivers/STM32WBxx_HAL_Driver/Src/stm32wbxx_hal_adc.o
 .text.LL_ADC_REG_StartConversion
                0x0800312e       0x28 ./Drivers/STM32WBxx_HAL_Driver/Src/stm32wbxx_hal_adc.o
 .text.LL_ADC_REG_IsConversionOngoing
                0x08003156       0x26 ./Drivers/STM32WBxx_HAL_Driver/Src/stm32wbxx_hal_adc.o
 .text.LL_ADC_INJ_IsConversionOngoing
                0x0800317c       0x26 ./Drivers/STM32WBxx_HAL_Driver/Src/stm32wbxx_hal_adc.o
 *fill*         0x080031a2        0x2 
 .text.HAL_ADC_Init
                0x080031a4      0x298 ./Drivers/STM32WBxx_HAL_Driver/Src/stm32wbxx_hal_adc.o
                0x080031a4                HAL_ADC_Init
 .text.HAL_ADC_Start_DMA
                0x0800343c      0x108 ./Drivers/STM32WBxx_HAL_Driver/Src/stm32wbxx_hal_adc.o
                0x0800343c                HAL_ADC_Start_DMA
 .text.HAL_ADC_ConvHalfCpltCallback
                0x08003544       0x14 ./Drivers/STM32WBxx_HAL_Driver/Src/stm32wbxx_hal_adc.o
                0x08003544                HAL_ADC_ConvHalfCpltCallback
 .text.HAL_ADC_ErrorCallback
                0x08003558       0x14 ./Drivers/STM32WBxx_HAL_Driver/Src/stm32wbxx_hal_adc.o
                0x08003558                HAL_ADC_ErrorCallback
 .text.HAL_ADC_ConfigChannel
                0x0800356c      0x78c ./Drivers/STM32WBxx_HAL_Driver/Src/stm32wbxx_hal_adc.o
                0x0800356c                HAL_ADC_ConfigChannel
 .text.ADC_Enable
                0x08003cf8       0xf4 ./Drivers/STM32WBxx_HAL_Driver/Src/stm32wbxx_hal_adc.o
                0x08003cf8                ADC_Enable
 .text.ADC_DMAConvCplt
                0x08003dec       0xd8 ./Drivers/STM32WBxx_HAL_Driver/Src/stm32wbxx_hal_adc.o
                0x08003dec                ADC_DMAConvCplt
 .text.ADC_DMAHalfConvCplt
                0x08003ec4       0x1c ./Drivers/STM32WBxx_HAL_Driver/Src/stm32wbxx_hal_adc.o
                0x08003ec4                ADC_DMAHalfConvCplt
 .text.ADC_DMAError
                0x08003ee0       0x34 ./Drivers/STM32WBxx_HAL_Driver/Src/stm32wbxx_hal_adc.o
                0x08003ee0                ADC_DMAError
 .text.__NVIC_SetPriorityGrouping
                0x08003f14       0x48 ./Drivers/STM32WBxx_HAL_Driver/Src/stm32wbxx_hal_cortex.o
 .text.__NVIC_GetPriorityGrouping
                0x08003f5c       0x1c ./Drivers/STM32WBxx_HAL_Driver/Src/stm32wbxx_hal_cortex.o
 .text.__NVIC_EnableIRQ
                0x08003f78       0x3c ./Drivers/STM32WBxx_HAL_Driver/Src/stm32wbxx_hal_cortex.o
 .text.__NVIC_SetPriority
                0x08003fb4       0x54 ./Drivers/STM32WBxx_HAL_Driver/Src/stm32wbxx_hal_cortex.o
 .text.NVIC_EncodePriority
                0x08004008       0x66 ./Drivers/STM32WBxx_HAL_Driver/Src/stm32wbxx_hal_cortex.o
 *fill*         0x0800406e        0x2 
 .text.SysTick_Config
                0x08004070       0x44 ./Drivers/STM32WBxx_HAL_Driver/Src/stm32wbxx_hal_cortex.o
 .text.HAL_NVIC_SetPriorityGrouping
                0x080040b4       0x16 ./Drivers/STM32WBxx_HAL_Driver/Src/stm32wbxx_hal_cortex.o
                0x080040b4                HAL_NVIC_SetPriorityGrouping
 .text.HAL_NVIC_SetPriority
                0x080040ca       0x34 ./Drivers/STM32WBxx_HAL_Driver/Src/stm32wbxx_hal_cortex.o
                0x080040ca                HAL_NVIC_SetPriority
 .text.HAL_NVIC_EnableIRQ
                0x080040fe       0x1c ./Drivers/STM32WBxx_HAL_Driver/Src/stm32wbxx_hal_cortex.o
                0x080040fe                HAL_NVIC_EnableIRQ
 .text.HAL_SYSTICK_Config
                0x0800411a       0x18 ./Drivers/STM32WBxx_HAL_Driver/Src/stm32wbxx_hal_cortex.o
                0x0800411a                HAL_SYSTICK_Config
 *fill*         0x08004132        0x2 
 .text.HAL_DMA_Init
                0x08004134      0x150 ./Drivers/STM32WBxx_HAL_Driver/Src/stm32wbxx_hal_dma.o
                0x08004134                HAL_DMA_Init
 .text.HAL_DMA_Start_IT
                0x08004284       0xf6 ./Drivers/STM32WBxx_HAL_Driver/Src/stm32wbxx_hal_dma.o
                0x08004284                HAL_DMA_Start_IT
 .text.HAL_DMA_IRQHandler
                0x0800437a      0x15e ./Drivers/STM32WBxx_HAL_Driver/Src/stm32wbxx_hal_dma.o
                0x0800437a                HAL_DMA_IRQHandler
 .text.DMA_SetConfig
                0x080044d8       0x7c ./Drivers/STM32WBxx_HAL_Driver/Src/stm32wbxx_hal_dma.o
 .text.DMA_CalcDMAMUXChannelBaseAndMask
                0x08004554       0x7c ./Drivers/STM32WBxx_HAL_Driver/Src/stm32wbxx_hal_dma.o
 .text.DMA_CalcDMAMUXRequestGenBaseAndMask
                0x080045d0       0x4c ./Drivers/STM32WBxx_HAL_Driver/Src/stm32wbxx_hal_dma.o
 .text.HAL_GPIO_Init
                0x0800461c      0x2e0 ./Drivers/STM32WBxx_HAL_Driver/Src/stm32wbxx_hal_gpio.o
                0x0800461c                HAL_GPIO_Init
 .text.HAL_GPIO_WritePin
                0x080048fc       0x30 ./Drivers/STM32WBxx_HAL_Driver/Src/stm32wbxx_hal_gpio.o
                0x080048fc                HAL_GPIO_WritePin
 .text.HAL_GPIO_TogglePin
                0x0800492c       0x34 ./Drivers/STM32WBxx_HAL_Driver/Src/stm32wbxx_hal_gpio.o
                0x0800492c                HAL_GPIO_TogglePin
 .text.HAL_GPIO_EXTI_IRQHandler
                0x08004960       0x30 ./Drivers/STM32WBxx_HAL_Driver/Src/stm32wbxx_hal_gpio.o
                0x08004960                HAL_GPIO_EXTI_IRQHandler
 .text.HAL_GPIO_EXTI_Callback
                0x08004990       0x16 ./Drivers/STM32WBxx_HAL_Driver/Src/stm32wbxx_hal_gpio.o
                0x08004990                HAL_GPIO_EXTI_Callback
 *fill*         0x080049a6        0x2 
 .text.HAL_PWR_EnableBkUpAccess
                0x080049a8       0x20 ./Drivers/STM32WBxx_HAL_Driver/Src/stm32wbxx_hal_pwr.o
                0x080049a8                HAL_PWR_EnableBkUpAccess
 .text.HAL_PWREx_GetVoltageRange
                0x080049c8       0x1c ./Drivers/STM32WBxx_HAL_Driver/Src/stm32wbxx_hal_pwr_ex.o
                0x080049c8                HAL_PWREx_GetVoltageRange
 .text.LL_RCC_HSE_IsEnabledDiv2
                0x080049e4       0x24 ./Drivers/STM32WBxx_HAL_Driver/Src/stm32wbxx_hal_rcc.o
 .text.LL_RCC_HSE_Enable
                0x08004a08       0x1e ./Drivers/STM32WBxx_HAL_Driver/Src/stm32wbxx_hal_rcc.o
 .text.LL_RCC_HSE_Disable
                0x08004a26       0x1e ./Drivers/STM32WBxx_HAL_Driver/Src/stm32wbxx_hal_rcc.o
 .text.LL_RCC_HSE_IsReady
                0x08004a44       0x24 ./Drivers/STM32WBxx_HAL_Driver/Src/stm32wbxx_hal_rcc.o
 .text.LL_RCC_HSI_Enable
                0x08004a68       0x1e ./Drivers/STM32WBxx_HAL_Driver/Src/stm32wbxx_hal_rcc.o
 .text.LL_RCC_HSI_Disable
                0x08004a86       0x1e ./Drivers/STM32WBxx_HAL_Driver/Src/stm32wbxx_hal_rcc.o
 .text.LL_RCC_HSI_IsReady
                0x08004aa4       0x24 ./Drivers/STM32WBxx_HAL_Driver/Src/stm32wbxx_hal_rcc.o
 .text.LL_RCC_HSI_SetCalibTrimming
                0x08004ac8       0x2a ./Drivers/STM32WBxx_HAL_Driver/Src/stm32wbxx_hal_rcc.o
 .text.LL_RCC_HSI48_Enable
                0x08004af2       0x22 ./Drivers/STM32WBxx_HAL_Driver/Src/stm32wbxx_hal_rcc.o
 .text.LL_RCC_HSI48_Disable
                0x08004b14       0x22 ./Drivers/STM32WBxx_HAL_Driver/Src/stm32wbxx_hal_rcc.o
 .text.LL_RCC_HSI48_IsReady
                0x08004b36       0x24 ./Drivers/STM32WBxx_HAL_Driver/Src/stm32wbxx_hal_rcc.o
 .text.LL_RCC_LSE_Enable
                0x08004b5a       0x22 ./Drivers/STM32WBxx_HAL_Driver/Src/stm32wbxx_hal_rcc.o
 .text.LL_RCC_LSE_Disable
                0x08004b7c       0x22 ./Drivers/STM32WBxx_HAL_Driver/Src/stm32wbxx_hal_rcc.o
 .text.LL_RCC_LSE_EnableBypass
                0x08004b9e       0x22 ./Drivers/STM32WBxx_HAL_Driver/Src/stm32wbxx_hal_rcc.o
 .text.LL_RCC_LSE_DisableBypass
                0x08004bc0       0x22 ./Drivers/STM32WBxx_HAL_Driver/Src/stm32wbxx_hal_rcc.o
 .text.LL_RCC_LSE_IsReady
                0x08004be2       0x24 ./Drivers/STM32WBxx_HAL_Driver/Src/stm32wbxx_hal_rcc.o
 .text.LL_RCC_LSI1_Enable
                0x08004c06       0x22 ./Drivers/STM32WBxx_HAL_Driver/Src/stm32wbxx_hal_rcc.o
 .text.LL_RCC_LSI1_Disable
                0x08004c28       0x22 ./Drivers/STM32WBxx_HAL_Driver/Src/stm32wbxx_hal_rcc.o
 .text.LL_RCC_LSI1_IsReady
                0x08004c4a       0x24 ./Drivers/STM32WBxx_HAL_Driver/Src/stm32wbxx_hal_rcc.o
 .text.LL_RCC_LSI2_Enable
                0x08004c6e       0x22 ./Drivers/STM32WBxx_HAL_Driver/Src/stm32wbxx_hal_rcc.o
 .text.LL_RCC_LSI2_Disable
                0x08004c90       0x22 ./Drivers/STM32WBxx_HAL_Driver/Src/stm32wbxx_hal_rcc.o
 .text.LL_RCC_LSI2_IsReady
                0x08004cb2       0x24 ./Drivers/STM32WBxx_HAL_Driver/Src/stm32wbxx_hal_rcc.o
 .text.LL_RCC_LSI2_SetTrimming
                0x08004cd6       0x2e ./Drivers/STM32WBxx_HAL_Driver/Src/stm32wbxx_hal_rcc.o
 .text.LL_RCC_MSI_Enable
                0x08004d04       0x1e ./Drivers/STM32WBxx_HAL_Driver/Src/stm32wbxx_hal_rcc.o
 .text.LL_RCC_MSI_Disable
                0x08004d22       0x1e ./Drivers/STM32WBxx_HAL_Driver/Src/stm32wbxx_hal_rcc.o
 .text.LL_RCC_MSI_IsReady
                0x08004d40       0x22 ./Drivers/STM32WBxx_HAL_Driver/Src/stm32wbxx_hal_rcc.o
 .text.LL_RCC_MSI_SetRange
                0x08004d62       0x28 ./Drivers/STM32WBxx_HAL_Driver/Src/stm32wbxx_hal_rcc.o
 .text.LL_RCC_MSI_GetRange
                0x08004d8a       0x2a ./Drivers/STM32WBxx_HAL_Driver/Src/stm32wbxx_hal_rcc.o
 .text.LL_RCC_MSI_SetCalibTrimming
                0x08004db4       0x2a ./Drivers/STM32WBxx_HAL_Driver/Src/stm32wbxx_hal_rcc.o
 .text.LL_RCC_SetSysClkSource
                0x08004dde       0x28 ./Drivers/STM32WBxx_HAL_Driver/Src/stm32wbxx_hal_rcc.o
 .text.LL_RCC_GetSysClkSource
                0x08004e06       0x18 ./Drivers/STM32WBxx_HAL_Driver/Src/stm32wbxx_hal_rcc.o
 .text.LL_RCC_SetAHBPrescaler
                0x08004e1e       0x28 ./Drivers/STM32WBxx_HAL_Driver/Src/stm32wbxx_hal_rcc.o
 .text.LL_C2_RCC_SetAHBPrescaler
                0x08004e46       0x2c ./Drivers/STM32WBxx_HAL_Driver/Src/stm32wbxx_hal_rcc.o
 .text.LL_RCC_SetAHB4Prescaler
                0x08004e72       0x2e ./Drivers/STM32WBxx_HAL_Driver/Src/stm32wbxx_hal_rcc.o
 .text.LL_RCC_SetAPB1Prescaler
                0x08004ea0       0x28 ./Drivers/STM32WBxx_HAL_Driver/Src/stm32wbxx_hal_rcc.o
 .text.LL_RCC_SetAPB2Prescaler
                0x08004ec8       0x28 ./Drivers/STM32WBxx_HAL_Driver/Src/stm32wbxx_hal_rcc.o
 .text.LL_RCC_GetAHBPrescaler
                0x08004ef0       0x18 ./Drivers/STM32WBxx_HAL_Driver/Src/stm32wbxx_hal_rcc.o
 .text.LL_RCC_GetAHB4Prescaler
                0x08004f08       0x1c ./Drivers/STM32WBxx_HAL_Driver/Src/stm32wbxx_hal_rcc.o
 .text.LL_RCC_GetAPB1Prescaler
                0x08004f24       0x18 ./Drivers/STM32WBxx_HAL_Driver/Src/stm32wbxx_hal_rcc.o
 .text.LL_RCC_GetAPB2Prescaler
                0x08004f3c       0x18 ./Drivers/STM32WBxx_HAL_Driver/Src/stm32wbxx_hal_rcc.o
 .text.LL_RCC_PLL_Enable
                0x08004f54       0x1e ./Drivers/STM32WBxx_HAL_Driver/Src/stm32wbxx_hal_rcc.o
 .text.LL_RCC_PLL_Disable
                0x08004f72       0x1e ./Drivers/STM32WBxx_HAL_Driver/Src/stm32wbxx_hal_rcc.o
 .text.LL_RCC_PLL_IsReady
                0x08004f90       0x24 ./Drivers/STM32WBxx_HAL_Driver/Src/stm32wbxx_hal_rcc.o
 .text.LL_RCC_PLL_GetN
                0x08004fb4       0x1a ./Drivers/STM32WBxx_HAL_Driver/Src/stm32wbxx_hal_rcc.o
 .text.LL_RCC_PLL_GetR
                0x08004fce       0x18 ./Drivers/STM32WBxx_HAL_Driver/Src/stm32wbxx_hal_rcc.o
 .text.LL_RCC_PLL_GetDivider
                0x08004fe6       0x18 ./Drivers/STM32WBxx_HAL_Driver/Src/stm32wbxx_hal_rcc.o
 .text.LL_RCC_PLL_GetMainSource
                0x08004ffe       0x18 ./Drivers/STM32WBxx_HAL_Driver/Src/stm32wbxx_hal_rcc.o
 .text.LL_RCC_IsActiveFlag_HPRE
                0x08005016       0x24 ./Drivers/STM32WBxx_HAL_Driver/Src/stm32wbxx_hal_rcc.o
 .text.LL_RCC_IsActiveFlag_C2HPRE
                0x0800503a       0x26 ./Drivers/STM32WBxx_HAL_Driver/Src/stm32wbxx_hal_rcc.o
 .text.LL_RCC_IsActiveFlag_SHDHPRE
                0x08005060       0x26 ./Drivers/STM32WBxx_HAL_Driver/Src/stm32wbxx_hal_rcc.o
 .text.LL_RCC_IsActiveFlag_PPRE1
                0x08005086       0x24 ./Drivers/STM32WBxx_HAL_Driver/Src/stm32wbxx_hal_rcc.o
 .text.LL_RCC_IsActiveFlag_PPRE2
                0x080050aa       0x24 ./Drivers/STM32WBxx_HAL_Driver/Src/stm32wbxx_hal_rcc.o
 *fill*         0x080050ce        0x2 
 .text.HAL_RCC_OscConfig
                0x080050d0      0x6e8 ./Drivers/STM32WBxx_HAL_Driver/Src/stm32wbxx_hal_rcc.o
                0x080050d0                HAL_RCC_OscConfig
 .text.HAL_RCC_ClockConfig
                0x080057b8      0x280 ./Drivers/STM32WBxx_HAL_Driver/Src/stm32wbxx_hal_rcc.o
                0x080057b8                HAL_RCC_ClockConfig
 .text.HAL_RCC_GetSysClockFreq
                0x08005a38       0xd8 ./Drivers/STM32WBxx_HAL_Driver/Src/stm32wbxx_hal_rcc.o
                0x08005a38                HAL_RCC_GetSysClockFreq
 .text.HAL_RCC_GetHCLKFreq
                0x08005b10       0x28 ./Drivers/STM32WBxx_HAL_Driver/Src/stm32wbxx_hal_rcc.o
                0x08005b10                HAL_RCC_GetHCLKFreq
 .text.HAL_RCC_GetPCLK1Freq
                0x08005b38       0x2c ./Drivers/STM32WBxx_HAL_Driver/Src/stm32wbxx_hal_rcc.o
                0x08005b38                HAL_RCC_GetPCLK1Freq
 .text.HAL_RCC_GetPCLK2Freq
                0x08005b64       0x2c ./Drivers/STM32WBxx_HAL_Driver/Src/stm32wbxx_hal_rcc.o
                0x08005b64                HAL_RCC_GetPCLK2Freq
 .text.RCC_SetFlashLatencyFromMSIRange
                0x08005b90       0x70 ./Drivers/STM32WBxx_HAL_Driver/Src/stm32wbxx_hal_rcc.o
 .text.RCC_SetFlashLatency
                0x08005c00       0xf8 ./Drivers/STM32WBxx_HAL_Driver/Src/stm32wbxx_hal_rcc.o
 .text.LL_RCC_LSE_IsEnabled
                0x08005cf8       0x24 ./Drivers/STM32WBxx_HAL_Driver/Src/stm32wbxx_hal_rcc_ex.o
 .text.LL_RCC_LSE_IsReady
                0x08005d1c       0x24 ./Drivers/STM32WBxx_HAL_Driver/Src/stm32wbxx_hal_rcc_ex.o
 .text.LL_RCC_SetRFWKPClockSource
                0x08005d40       0x2c ./Drivers/STM32WBxx_HAL_Driver/Src/stm32wbxx_hal_rcc_ex.o
 .text.LL_RCC_SetSMPSClockSource
                0x08005d6c       0x28 ./Drivers/STM32WBxx_HAL_Driver/Src/stm32wbxx_hal_rcc_ex.o
 .text.LL_RCC_SetSMPSPrescaler
                0x08005d94       0x28 ./Drivers/STM32WBxx_HAL_Driver/Src/stm32wbxx_hal_rcc_ex.o
 .text.LL_RCC_SetUSARTClockSource
                0x08005dbc       0x2c ./Drivers/STM32WBxx_HAL_Driver/Src/stm32wbxx_hal_rcc_ex.o
 .text.LL_RCC_SetLPUARTClockSource
                0x08005de8       0x2c ./Drivers/STM32WBxx_HAL_Driver/Src/stm32wbxx_hal_rcc_ex.o
 .text.LL_RCC_SetI2CClockSource
                0x08005e14       0x3a ./Drivers/STM32WBxx_HAL_Driver/Src/stm32wbxx_hal_rcc_ex.o
 .text.LL_RCC_SetLPTIMClockSource
                0x08005e4e       0x34 ./Drivers/STM32WBxx_HAL_Driver/Src/stm32wbxx_hal_rcc_ex.o
 .text.LL_RCC_SetSAIClockSource
                0x08005e82       0x2c ./Drivers/STM32WBxx_HAL_Driver/Src/stm32wbxx_hal_rcc_ex.o
 .text.LL_RCC_SetRNGClockSource
                0x08005eae       0x2c ./Drivers/STM32WBxx_HAL_Driver/Src/stm32wbxx_hal_rcc_ex.o
 .text.LL_RCC_SetCLK48ClockSource
                0x08005eda       0x2c ./Drivers/STM32WBxx_HAL_Driver/Src/stm32wbxx_hal_rcc_ex.o
 .text.LL_RCC_SetUSBClockSource
                0x08005f06       0x16 ./Drivers/STM32WBxx_HAL_Driver/Src/stm32wbxx_hal_rcc_ex.o
 .text.LL_RCC_SetADCClockSource
                0x08005f1c       0x2c ./Drivers/STM32WBxx_HAL_Driver/Src/stm32wbxx_hal_rcc_ex.o
 .text.LL_RCC_SetRTCClockSource
                0x08005f48       0x2c ./Drivers/STM32WBxx_HAL_Driver/Src/stm32wbxx_hal_rcc_ex.o
 .text.LL_RCC_GetRTCClockSource
                0x08005f74       0x1a ./Drivers/STM32WBxx_HAL_Driver/Src/stm32wbxx_hal_rcc_ex.o
 .text.LL_RCC_ForceBackupDomainReset
                0x08005f8e       0x22 ./Drivers/STM32WBxx_HAL_Driver/Src/stm32wbxx_hal_rcc_ex.o
 .text.LL_RCC_ReleaseBackupDomainReset
                0x08005fb0       0x22 ./Drivers/STM32WBxx_HAL_Driver/Src/stm32wbxx_hal_rcc_ex.o
 .text.LL_RCC_PLLSAI1_Enable
                0x08005fd2       0x1e ./Drivers/STM32WBxx_HAL_Driver/Src/stm32wbxx_hal_rcc_ex.o
 .text.LL_RCC_PLLSAI1_Disable
                0x08005ff0       0x1e ./Drivers/STM32WBxx_HAL_Driver/Src/stm32wbxx_hal_rcc_ex.o
 .text.LL_RCC_PLLSAI1_IsReady
                0x0800600e       0x24 ./Drivers/STM32WBxx_HAL_Driver/Src/stm32wbxx_hal_rcc_ex.o
 .text.HAL_RCCEx_PeriphCLKConfig
                0x08006032      0x2ec ./Drivers/STM32WBxx_HAL_Driver/Src/stm32wbxx_hal_rcc_ex.o
                0x08006032                HAL_RCCEx_PeriphCLKConfig
 .text.RCCEx_PLLSAI1_ConfigNP
                0x0800631e       0xb6 ./Drivers/STM32WBxx_HAL_Driver/Src/stm32wbxx_hal_rcc_ex.o
 .text.RCCEx_PLLSAI1_ConfigNQ
                0x080063d4       0xb6 ./Drivers/STM32WBxx_HAL_Driver/Src/stm32wbxx_hal_rcc_ex.o
 .text.RCCEx_PLLSAI1_ConfigNR
                0x0800648a       0xb6 ./Drivers/STM32WBxx_HAL_Driver/Src/stm32wbxx_hal_rcc_ex.o
 .text.LL_RCC_GetUSARTClockSource
                0x08006540       0x20 ./Drivers/STM32WBxx_HAL_Driver/Src/stm32wbxx_hal_uart.o
 .text.LL_RCC_GetLPUARTClockSource
                0x08006560       0x20 ./Drivers/STM32WBxx_HAL_Driver/Src/stm32wbxx_hal_uart.o
 .text.HAL_UART_Init
                0x08006580       0xa0 ./Drivers/STM32WBxx_HAL_Driver/Src/stm32wbxx_hal_uart.o
                0x08006580                HAL_UART_Init
 .text.HAL_UART_Transmit
                0x08006620      0x11c ./Drivers/STM32WBxx_HAL_Driver/Src/stm32wbxx_hal_uart.o
                0x08006620                HAL_UART_Transmit
 .text.UART_SetConfig
                0x0800673c      0x450 ./Drivers/STM32WBxx_HAL_Driver/Src/stm32wbxx_hal_uart.o
                0x0800673c                UART_SetConfig
 .text.UART_AdvFeatureConfig
                0x08006b8c      0x144 ./Drivers/STM32WBxx_HAL_Driver/Src/stm32wbxx_hal_uart.o
                0x08006b8c                UART_AdvFeatureConfig
 .text.UART_CheckIdleState
                0x08006cd0      0x154 ./Drivers/STM32WBxx_HAL_Driver/Src/stm32wbxx_hal_uart.o
                0x08006cd0                UART_CheckIdleState
 .text.UART_WaitOnFlagUntilTimeout
                0x08006e24       0xda ./Drivers/STM32WBxx_HAL_Driver/Src/stm32wbxx_hal_uart.o
                0x08006e24                UART_WaitOnFlagUntilTimeout
 .text.UART_EndRxTransfer
                0x08006efe       0xcc ./Drivers/STM32WBxx_HAL_Driver/Src/stm32wbxx_hal_uart.o
 .text.HAL_UARTEx_DisableFifoMode
                0x08006fca       0x72 ./Drivers/STM32WBxx_HAL_Driver/Src/stm32wbxx_hal_uart_ex.o
                0x08006fca                HAL_UARTEx_DisableFifoMode
 .text.HAL_UARTEx_SetTxFifoThreshold
                0x0800703c       0x7c ./Drivers/STM32WBxx_HAL_Driver/Src/stm32wbxx_hal_uart_ex.o
                0x0800703c                HAL_UARTEx_SetTxFifoThreshold
 .text.HAL_UARTEx_SetRxFifoThreshold
                0x080070b8       0x7c ./Drivers/STM32WBxx_HAL_Driver/Src/stm32wbxx_hal_uart_ex.o
                0x080070b8                HAL_UARTEx_SetRxFifoThreshold
 .text.UARTEx_SetNbDataToProcess
                0x08007134       0x9c ./Drivers/STM32WBxx_HAL_Driver/Src/stm32wbxx_hal_uart_ex.o
 .text.std      0x080071d0       0x6c /Applications/STM32CubeIDE.app/Contents/Eclipse/plugins/com.st.stm32cube.ide.mcu.externaltools.gnu-tools-for-stm32.12.3.rel1.macos64_1.0.200.202406191456/tools/bin/../lib/gcc/arm-none-eabi/12.3.1/../../../../arm-none-eabi/lib/thumb/v7e-m+fp/hard/libc_nano.a(libc_a-findfp.o)
 .text.stdio_exit_handler
                0x0800723c       0x18 /Applications/STM32CubeIDE.app/Contents/Eclipse/plugins/com.st.stm32cube.ide.mcu.externaltools.gnu-tools-for-stm32.12.3.rel1.macos64_1.0.200.202406191456/tools/bin/../lib/gcc/arm-none-eabi/12.3.1/../../../../arm-none-eabi/lib/thumb/v7e-m+fp/hard/libc_nano.a(libc_a-findfp.o)
 .text.cleanup_stdio
                0x08007254       0x40 /Applications/STM32CubeIDE.app/Contents/Eclipse/plugins/com.st.stm32cube.ide.mcu.externaltools.gnu-tools-for-stm32.12.3.rel1.macos64_1.0.200.202406191456/tools/bin/../lib/gcc/arm-none-eabi/12.3.1/../../../../arm-none-eabi/lib/thumb/v7e-m+fp/hard/libc_nano.a(libc_a-findfp.o)
 .text.global_stdio_init.part.0
                0x08007294       0x3c /Applications/STM32CubeIDE.app/Contents/Eclipse/plugins/com.st.stm32cube.ide.mcu.externaltools.gnu-tools-for-stm32.12.3.rel1.macos64_1.0.200.202406191456/tools/bin/../lib/gcc/arm-none-eabi/12.3.1/../../../../arm-none-eabi/lib/thumb/v7e-m+fp/hard/libc_nano.a(libc_a-findfp.o)
 .text.__sfp_lock_acquire
                0x080072d0        0xc /Applications/STM32CubeIDE.app/Contents/Eclipse/plugins/com.st.stm32cube.ide.mcu.externaltools.gnu-tools-for-stm32.12.3.rel1.macos64_1.0.200.202406191456/tools/bin/../lib/gcc/arm-none-eabi/12.3.1/../../../../arm-none-eabi/lib/thumb/v7e-m+fp/hard/libc_nano.a(libc_a-findfp.o)
                0x080072d0                __sfp_lock_acquire
 .text.__sfp_lock_release
                0x080072dc        0xc /Applications/STM32CubeIDE.app/Contents/Eclipse/plugins/com.st.stm32cube.ide.mcu.externaltools.gnu-tools-for-stm32.12.3.rel1.macos64_1.0.200.202406191456/tools/bin/../lib/gcc/arm-none-eabi/12.3.1/../../../../arm-none-eabi/lib/thumb/v7e-m+fp/hard/libc_nano.a(libc_a-findfp.o)
                0x080072dc                __sfp_lock_release
 .text.__sinit  0x080072e8       0x30 /Applications/STM32CubeIDE.app/Contents/Eclipse/plugins/com.st.stm32cube.ide.mcu.externaltools.gnu-tools-for-stm32.12.3.rel1.macos64_1.0.200.202406191456/tools/bin/../lib/gcc/arm-none-eabi/12.3.1/../../../../arm-none-eabi/lib/thumb/v7e-m+fp/hard/libc_nano.a(libc_a-findfp.o)
                0x080072e8                __sinit
 .text._fwalk_sglue
                0x08007318       0x3c /Applications/STM32CubeIDE.app/Contents/Eclipse/plugins/com.st.stm32cube.ide.mcu.externaltools.gnu-tools-for-stm32.12.3.rel1.macos64_1.0.200.202406191456/tools/bin/../lib/gcc/arm-none-eabi/12.3.1/../../../../arm-none-eabi/lib/thumb/v7e-m+fp/hard/libc_nano.a(libc_a-fwalk.o)
                0x08007318                _fwalk_sglue
 .text.printf   0x08007354       0x24 /Applications/STM32CubeIDE.app/Contents/Eclipse/plugins/com.st.stm32cube.ide.mcu.externaltools.gnu-tools-for-stm32.12.3.rel1.macos64_1.0.200.202406191456/tools/bin/../lib/gcc/arm-none-eabi/12.3.1/../../../../arm-none-eabi/lib/thumb/v7e-m+fp/hard/libc_nano.a(libc_a-printf.o)
                0x08007354                printf
                0x08007354                iprintf
 .text.memset   0x08007378       0x10 /Applications/STM32CubeIDE.app/Contents/Eclipse/plugins/com.st.stm32cube.ide.mcu.externaltools.gnu-tools-for-stm32.12.3.rel1.macos64_1.0.200.202406191456/tools/bin/../lib/gcc/arm-none-eabi/12.3.1/../../../../arm-none-eabi/lib/thumb/v7e-m+fp/hard/libc_nano.a(libc_a-memset.o)
                0x08007378                memset
 .text.__errno  0x08007388        0xc /Applications/STM32CubeIDE.app/Contents/Eclipse/plugins/com.st.stm32cube.ide.mcu.externaltools.gnu-tools-for-stm32.12.3.rel1.macos64_1.0.200.202406191456/tools/bin/../lib/gcc/arm-none-eabi/12.3.1/../../../../arm-none-eabi/lib/thumb/v7e-m+fp/hard/libc_nano.a(libc_a-errno.o)
                0x08007388                __errno
 .text.__libc_init_array
                0x08007394       0x48 /Applications/STM32CubeIDE.app/Contents/Eclipse/plugins/com.st.stm32cube.ide.mcu.externaltools.gnu-tools-for-stm32.12.3.rel1.macos64_1.0.200.202406191456/tools/bin/../lib/gcc/arm-none-eabi/12.3.1/../../../../arm-none-eabi/lib/thumb/v7e-m+fp/hard/libc_nano.a(libc_a-init.o)
                0x08007394                __libc_init_array
 .text.__retarget_lock_init_recursive
                0x080073dc        0x2 /Applications/STM32CubeIDE.app/Contents/Eclipse/plugins/com.st.stm32cube.ide.mcu.externaltools.gnu-tools-for-stm32.12.3.rel1.macos64_1.0.200.202406191456/tools/bin/../lib/gcc/arm-none-eabi/12.3.1/../../../../arm-none-eabi/lib/thumb/v7e-m+fp/hard/libc_nano.a(libc_a-lock.o)
                0x080073dc                __retarget_lock_init_recursive
 .text.__retarget_lock_acquire_recursive
                0x080073de        0x2 /Applications/STM32CubeIDE.app/Contents/Eclipse/plugins/com.st.stm32cube.ide.mcu.externaltools.gnu-tools-for-stm32.12.3.rel1.macos64_1.0.200.202406191456/tools/bin/../lib/gcc/arm-none-eabi/12.3.1/../../../../arm-none-eabi/lib/thumb/v7e-m+fp/hard/libc_nano.a(libc_a-lock.o)
                0x080073de                __retarget_lock_acquire_recursive
 .text.__retarget_lock_release_recursive
                0x080073e0        0x2 /Applications/STM32CubeIDE.app/Contents/Eclipse/plugins/com.st.stm32cube.ide.mcu.externaltools.gnu-tools-for-stm32.12.3.rel1.macos64_1.0.200.202406191456/tools/bin/../lib/gcc/arm-none-eabi/12.3.1/../../../../arm-none-eabi/lib/thumb/v7e-m+fp/hard/libc_nano.a(libc_a-lock.o)
                0x080073e0                __retarget_lock_release_recursive
 .text.__sfputc_r
                0x080073e2       0x2e /Applications/STM32CubeIDE.app/Contents/Eclipse/plugins/com.st.stm32cube.ide.mcu.externaltools.gnu-tools-for-stm32.12.3.rel1.macos64_1.0.200.202406191456/tools/bin/../lib/gcc/arm-none-eabi/12.3.1/../../../../arm-none-eabi/lib/thumb/v7e-m+fp/hard/libc_nano.a(libc_a-nano-vfprintf.o)
 .text.__sfputs_r
                0x08007410       0x24 /Applications/STM32CubeIDE.app/Contents/Eclipse/plugins/com.st.stm32cube.ide.mcu.externaltools.gnu-tools-for-stm32.12.3.rel1.macos64_1.0.200.202406191456/tools/bin/../lib/gcc/arm-none-eabi/12.3.1/../../../../arm-none-eabi/lib/thumb/v7e-m+fp/hard/libc_nano.a(libc_a-nano-vfprintf.o)
                0x08007410                __sfputs_r
 .text._vfprintf_r
                0x08007434      0x230 /Applications/STM32CubeIDE.app/Contents/Eclipse/plugins/com.st.stm32cube.ide.mcu.externaltools.gnu-tools-for-stm32.12.3.rel1.macos64_1.0.200.202406191456/tools/bin/../lib/gcc/arm-none-eabi/12.3.1/../../../../arm-none-eabi/lib/thumb/v7e-m+fp/hard/libc_nano.a(libc_a-nano-vfprintf.o)
                0x08007434                _vfiprintf_r
                0x08007434                _vfprintf_r
 .text.sbrk_aligned
                0x08007664       0x44 /Applications/STM32CubeIDE.app/Contents/Eclipse/plugins/com.st.stm32cube.ide.mcu.externaltools.gnu-tools-for-stm32.12.3.rel1.macos64_1.0.200.202406191456/tools/bin/../lib/gcc/arm-none-eabi/12.3.1/../../../../arm-none-eabi/lib/thumb/v7e-m+fp/hard/libc_nano.a(libc_a-mallocr.o)
 .text._malloc_r
                0x080076a8      0x100 /Applications/STM32CubeIDE.app/Contents/Eclipse/plugins/com.st.stm32cube.ide.mcu.externaltools.gnu-tools-for-stm32.12.3.rel1.macos64_1.0.200.202406191456/tools/bin/../lib/gcc/arm-none-eabi/12.3.1/../../../../arm-none-eabi/lib/thumb/v7e-m+fp/hard/libc_nano.a(libc_a-mallocr.o)
                0x080076a8                _malloc_r
 .text._printf_common
                0x080077a8       0xda /Applications/STM32CubeIDE.app/Contents/Eclipse/plugins/com.st.stm32cube.ide.mcu.externaltools.gnu-tools-for-stm32.12.3.rel1.macos64_1.0.200.202406191456/tools/bin/../lib/gcc/arm-none-eabi/12.3.1/../../../../arm-none-eabi/lib/thumb/v7e-m+fp/hard/libc_nano.a(libc_a-nano-vfprintf_i.o)
                0x080077a8                _printf_common
 *fill*         0x08007882        0x2 
 .text._printf_i
                0x08007884      0x240 /Applications/STM32CubeIDE.app/Contents/Eclipse/plugins/com.st.stm32cube.ide.mcu.externaltools.gnu-tools-for-stm32.12.3.rel1.macos64_1.0.200.202406191456/tools/bin/../lib/gcc/arm-none-eabi/12.3.1/../../../../arm-none-eabi/lib/thumb/v7e-m+fp/hard/libc_nano.a(libc_a-nano-vfprintf_i.o)
                0x08007884                _printf_i
 .text.__sflush_r
                0x08007ac4      0x108 /Applications/STM32CubeIDE.app/Contents/Eclipse/plugins/com.st.stm32cube.ide.mcu.externaltools.gnu-tools-for-stm32.12.3.rel1.macos64_1.0.200.202406191456/tools/bin/../lib/gcc/arm-none-eabi/12.3.1/../../../../arm-none-eabi/lib/thumb/v7e-m+fp/hard/libc_nano.a(libc_a-fflush.o)
                0x08007ac4                __sflush_r
 .text._fflush_r
                0x08007bcc       0x50 /Applications/STM32CubeIDE.app/Contents/Eclipse/plugins/com.st.stm32cube.ide.mcu.externaltools.gnu-tools-for-stm32.12.3.rel1.macos64_1.0.200.202406191456/tools/bin/../lib/gcc/arm-none-eabi/12.3.1/../../../../arm-none-eabi/lib/thumb/v7e-m+fp/hard/libc_nano.a(libc_a-fflush.o)
                0x08007bcc                _fflush_r
 .text.__malloc_lock
                0x08007c1c        0xc /Applications/STM32CubeIDE.app/Contents/Eclipse/plugins/com.st.stm32cube.ide.mcu.externaltools.gnu-tools-for-stm32.12.3.rel1.macos64_1.0.200.202406191456/tools/bin/../lib/gcc/arm-none-eabi/12.3.1/../../../../arm-none-eabi/lib/thumb/v7e-m+fp/hard/libc_nano.a(libc_a-mlock.o)
                0x08007c1c                __malloc_lock
 .text.__malloc_unlock
                0x08007c28        0xc /Applications/STM32CubeIDE.app/Contents/Eclipse/plugins/com.st.stm32cube.ide.mcu.externaltools.gnu-tools-for-stm32.12.3.rel1.macos64_1.0.200.202406191456/tools/bin/../lib/gcc/arm-none-eabi/12.3.1/../../../../arm-none-eabi/lib/thumb/v7e-m+fp/hard/libc_nano.a(libc_a-mlock.o)
                0x08007c28                __malloc_unlock
 .text.__sread  0x08007c34       0x22 /Applications/STM32CubeIDE.app/Contents/Eclipse/plugins/com.st.stm32cube.ide.mcu.externaltools.gnu-tools-for-stm32.12.3.rel1.macos64_1.0.200.202406191456/tools/bin/../lib/gcc/arm-none-eabi/12.3.1/../../../../arm-none-eabi/lib/thumb/v7e-m+fp/hard/libc_nano.a(libc_a-stdio.o)
                0x08007c34                __sread
 .text.__swrite
                0x08007c56       0x38 /Applications/STM32CubeIDE.app/Contents/Eclipse/plugins/com.st.stm32cube.ide.mcu.externaltools.gnu-tools-for-stm32.12.3.rel1.macos64_1.0.200.202406191456/tools/bin/../lib/gcc/arm-none-eabi/12.3.1/../../../../arm-none-eabi/lib/thumb/v7e-m+fp/hard/libc_nano.a(libc_a-stdio.o)
                0x08007c56                __swrite
 .text.__sseek  0x08007c8e       0x24 /Applications/STM32CubeIDE.app/Contents/Eclipse/plugins/com.st.stm32cube.ide.mcu.externaltools.gnu-tools-for-stm32.12.3.rel1.macos64_1.0.200.202406191456/tools/bin/../lib/gcc/arm-none-eabi/12.3.1/../../../../arm-none-eabi/lib/thumb/v7e-m+fp/hard/libc_nano.a(libc_a-stdio.o)
                0x08007c8e                __sseek
 .text.__sclose
                0x08007cb2        0x8 /Applications/STM32CubeIDE.app/Contents/Eclipse/plugins/com.st.stm32cube.ide.mcu.externaltools.gnu-tools-for-stm32.12.3.rel1.macos64_1.0.200.202406191456/tools/bin/../lib/gcc/arm-none-eabi/12.3.1/../../../../arm-none-eabi/lib/thumb/v7e-m+fp/hard/libc_nano.a(libc_a-stdio.o)
                0x08007cb2                __sclose
 .text.__swbuf_r
                0x08007cba       0x7c /Applications/STM32CubeIDE.app/Contents/Eclipse/plugins/com.st.stm32cube.ide.mcu.externaltools.gnu-tools-for-stm32.12.3.rel1.macos64_1.0.200.202406191456/tools/bin/../lib/gcc/arm-none-eabi/12.3.1/../../../../arm-none-eabi/lib/thumb/v7e-m+fp/hard/libc_nano.a(libc_a-wbuf.o)
                0x08007cba                __swbuf_r
 *fill*         0x08007d36        0x2 
 .text.__swsetup_r
                0x08007d38       0xac /Applications/STM32CubeIDE.app/Contents/Eclipse/plugins/com.st.stm32cube.ide.mcu.externaltools.gnu-tools-for-stm32.12.3.rel1.macos64_1.0.200.202406191456/tools/bin/../lib/gcc/arm-none-eabi/12.3.1/../../../../arm-none-eabi/lib/thumb/v7e-m+fp/hard/libc_nano.a(libc_a-wsetup.o)
                0x08007d38                __swsetup_r
 .text.__swhatbuf_r
                0x08007de4       0x4c /Applications/STM32CubeIDE.app/Contents/Eclipse/plugins/com.st.stm32cube.ide.mcu.externaltools.gnu-tools-for-stm32.12.3.rel1.macos64_1.0.200.202406191456/tools/bin/../lib/gcc/arm-none-eabi/12.3.1/../../../../arm-none-eabi/lib/thumb/v7e-m+fp/hard/libc_nano.a(libc_a-makebuf.o)
                0x08007de4                __swhatbuf_r
 .text.__smakebuf_r
                0x08007e30       0x78 /Applications/STM32CubeIDE.app/Contents/Eclipse/plugins/com.st.stm32cube.ide.mcu.externaltools.gnu-tools-for-stm32.12.3.rel1.macos64_1.0.200.202406191456/tools/bin/../lib/gcc/arm-none-eabi/12.3.1/../../../../arm-none-eabi/lib/thumb/v7e-m+fp/hard/libc_nano.a(libc_a-makebuf.o)
                0x08007e30                __smakebuf_r
 .text._close_r
                0x08007ea8       0x20 /Applications/STM32CubeIDE.app/Contents/Eclipse/plugins/com.st.stm32cube.ide.mcu.externaltools.gnu-tools-for-stm32.12.3.rel1.macos64_1.0.200.202406191456/tools/bin/../lib/gcc/arm-none-eabi/12.3.1/../../../../arm-none-eabi/lib/thumb/v7e-m+fp/hard/libc_nano.a(libc_a-closer.o)
                0x08007ea8                _close_r
 .text._fstat_r
                0x08007ec8       0x24 /Applications/STM32CubeIDE.app/Contents/Eclipse/plugins/com.st.stm32cube.ide.mcu.externaltools.gnu-tools-for-stm32.12.3.rel1.macos64_1.0.200.202406191456/tools/bin/../lib/gcc/arm-none-eabi/12.3.1/../../../../arm-none-eabi/lib/thumb/v7e-m+fp/hard/libc_nano.a(libc_a-fstatr.o)
                0x08007ec8                _fstat_r
 .text._isatty_r
                0x08007eec       0x20 /Applications/STM32CubeIDE.app/Contents/Eclipse/plugins/com.st.stm32cube.ide.mcu.externaltools.gnu-tools-for-stm32.12.3.rel1.macos64_1.0.200.202406191456/tools/bin/../lib/gcc/arm-none-eabi/12.3.1/../../../../arm-none-eabi/lib/thumb/v7e-m+fp/hard/libc_nano.a(libc_a-isattyr.o)
                0x08007eec                _isatty_r
 .text._lseek_r
                0x08007f0c       0x24 /Applications/STM32CubeIDE.app/Contents/Eclipse/plugins/com.st.stm32cube.ide.mcu.externaltools.gnu-tools-for-stm32.12.3.rel1.macos64_1.0.200.202406191456/tools/bin/../lib/gcc/arm-none-eabi/12.3.1/../../../../arm-none-eabi/lib/thumb/v7e-m+fp/hard/libc_nano.a(libc_a-lseekr.o)
                0x08007f0c                _lseek_r
 .text._read_r  0x08007f30       0x24 /Applications/STM32CubeIDE.app/Contents/Eclipse/plugins/com.st.stm32cube.ide.mcu.externaltools.gnu-tools-for-stm32.12.3.rel1.macos64_1.0.200.202406191456/tools/bin/../lib/gcc/arm-none-eabi/12.3.1/../../../../arm-none-eabi/lib/thumb/v7e-m+fp/hard/libc_nano.a(libc_a-readr.o)
                0x08007f30                _read_r
 .text._sbrk_r  0x08007f54       0x20 /Applications/STM32CubeIDE.app/Contents/Eclipse/plugins/com.st.stm32cube.ide.mcu.externaltools.gnu-tools-for-stm32.12.3.rel1.macos64_1.0.200.202406191456/tools/bin/../lib/gcc/arm-none-eabi/12.3.1/../../../../arm-none-eabi/lib/thumb/v7e-m+fp/hard/libc_nano.a(libc_a-sbrkr.o)
                0x08007f54                _sbrk_r
 .text._write_r
                0x08007f74       0x24 /Applications/STM32CubeIDE.app/Contents/Eclipse/plugins/com.st.stm32cube.ide.mcu.externaltools.gnu-tools-for-stm32.12.3.rel1.macos64_1.0.200.202406191456/tools/bin/../lib/gcc/arm-none-eabi/12.3.1/../../../../arm-none-eabi/lib/thumb/v7e-m+fp/hard/libc_nano.a(libc_a-writer.o)
                0x08007f74                _write_r
 .text._free_r  0x08007f98       0x94 /Applications/STM32CubeIDE.app/Contents/Eclipse/plugins/com.st.stm32cube.ide.mcu.externaltools.gnu-tools-for-stm32.12.3.rel1.macos64_1.0.200.202406191456/tools/bin/../lib/gcc/arm-none-eabi/12.3.1/../../../../arm-none-eabi/lib/thumb/v7e-m+fp/hard/libc_nano.a(libc_a-freer.o)
                0x08007f98                _free_r
 .text.sqrtf    0x0800802c       0x3c /Applications/STM32CubeIDE.app/Contents/Eclipse/plugins/com.st.stm32cube.ide.mcu.externaltools.gnu-tools-for-stm32.12.3.rel1.macos64_1.0.200.202406191456/tools/bin/../lib/gcc/arm-none-eabi/12.3.1/../../../../arm-none-eabi/lib/thumb/v7e-m+fp/hard/libm.a(libm_a-wf_sqrt.o)
                0x0800802c                sqrtf
 .text.__ieee754_sqrtf
                0x08008068        0x6 /Applications/STM32CubeIDE.app/Contents/Eclipse/plugins/com.st.stm32cube.ide.mcu.externaltools.gnu-tools-for-stm32.12.3.rel1.macos64_1.0.200.202406191456/tools/bin/../lib/gcc/arm-none-eabi/12.3.1/../../../../arm-none-eabi/lib/thumb/v7e-m+fp/hard/libm.a(libm_a-ef_sqrt.o)
                0x08008068                __ieee754_sqrtf
 *(.glue_7)
 .glue_7        0x0800806e        0x0 linker stubs
 *(.glue_7t)
 .glue_7t       0x0800806e        0x0 linker stubs
 *(.eh_frame)
 *fill*         0x0800806e        0x2 
 .eh_frame      0x08008070        0x0 /Applications/STM32CubeIDE.app/Contents/Eclipse/plugins/com.st.stm32cube.ide.mcu.externaltools.gnu-tools-for-stm32.12.3.rel1.macos64_1.0.200.202406191456/tools/bin/../lib/gcc/arm-none-eabi/12.3.1/thumb/v7e-m+fp/hard/crtbegin.o
 *(.init)
 .init          0x08008070        0x4 /Applications/STM32CubeIDE.app/Contents/Eclipse/plugins/com.st.stm32cube.ide.mcu.externaltools.gnu-tools-for-stm32.12.3.rel1.macos64_1.0.200.202406191456/tools/bin/../lib/gcc/arm-none-eabi/12.3.1/thumb/v7e-m+fp/hard/crti.o
                0x08008070                _init
 .init          0x08008074        0x8 /Applications/STM32CubeIDE.app/Contents/Eclipse/plugins/com.st.stm32cube.ide.mcu.externaltools.gnu-tools-for-stm32.12.3.rel1.macos64_1.0.200.202406191456/tools/bin/../lib/gcc/arm-none-eabi/12.3.1/thumb/v7e-m+fp/hard/crtn.o
 *(.fini)
 .fini          0x0800807c        0x4 /Applications/STM32CubeIDE.app/Contents/Eclipse/plugins/com.st.stm32cube.ide.mcu.externaltools.gnu-tools-for-stm32.12.3.rel1.macos64_1.0.200.202406191456/tools/bin/../lib/gcc/arm-none-eabi/12.3.1/thumb/v7e-m+fp/hard/crti.o
                0x0800807c                _fini
 .fini          0x08008080        0x8 /Applications/STM32CubeIDE.app/Contents/Eclipse/plugins/com.st.stm32cube.ide.mcu.externaltools.gnu-tools-for-stm32.12.3.rel1.macos64_1.0.200.202406191456/tools/bin/../lib/gcc/arm-none-eabi/12.3.1/thumb/v7e-m+fp/hard/crtn.o
                0x08008088                        . = ALIGN (0x4)
                0x08008088                        _etext = .

.vfp11_veneer   0x08008088        0x0
 .vfp11_veneer  0x08008088        0x0 linker stubs

.v4_bx          0x08008088        0x0
 .v4_bx         0x08008088        0x0 linker stubs

.iplt           0x08008088        0x0
 .iplt          0x08008088        0x0 /Applications/STM32CubeIDE.app/Contents/Eclipse/plugins/com.st.stm32cube.ide.mcu.externaltools.gnu-tools-for-stm32.12.3.rel1.macos64_1.0.200.202406191456/tools/bin/../lib/gcc/arm-none-eabi/12.3.1/thumb/v7e-m+fp/hard/crtbegin.o

.rodata         0x08008088      0x15c
                0x08008088                        . = ALIGN (0x4)
 *(.rodata)
 .rodata        0x08008088       0x20 ./Core/Src/main.o
 .rodata        0x080080a8       0x2c ./Drivers/STM32WBxx_HAL_Driver/Src/stm32wbxx_hal_rcc.o
 *(.rodata*)
 .rodata.AHBPrescTable
                0x080080d4       0x40 ./Core/Src/system_stm32wbxx.o
                0x080080d4                AHBPrescTable
 .rodata.APBPrescTable
                0x08008114       0x20 ./Core/Src/system_stm32wbxx.o
                0x08008114                APBPrescTable
 .rodata.MSIRangeTable
                0x08008134       0x40 ./Core/Src/system_stm32wbxx.o
                0x08008134                MSIRangeTable
 .rodata.GPIO_PIN
                0x08008174        0x6 ./Drivers/BSP/P-NUCLEO-WB55.Nucleo/stm32wbxx_nucleo.o
                0x08008174                GPIO_PIN
 *fill*         0x0800817a        0x2 
 .rodata.BUTTON_PIN
                0x0800817c        0x6 ./Drivers/BSP/P-NUCLEO-WB55.Nucleo/stm32wbxx_nucleo.o
                0x0800817c                BUTTON_PIN
 *fill*         0x08008182        0x2 
 .rodata.BUTTON_IRQn
                0x08008184        0x3 ./Drivers/BSP/P-NUCLEO-WB55.Nucleo/stm32wbxx_nucleo.o
                0x08008184                BUTTON_IRQn
 *fill*         0x08008187        0x1 
 .rodata.UARTPrescTable
                0x08008188       0x18 ./Drivers/STM32WBxx_HAL_Driver/Src/stm32wbxx_hal_uart.o
                0x08008188                UARTPrescTable
 .rodata.numerator.1
                0x080081a0        0x8 ./Drivers/STM32WBxx_HAL_Driver/Src/stm32wbxx_hal_uart_ex.o
 .rodata.denominator.0
                0x080081a8        0x8 ./Drivers/STM32WBxx_HAL_Driver/Src/stm32wbxx_hal_uart_ex.o
 .rodata._vfprintf_r.str1.1
                0x080081b0       0x11 /Applications/STM32CubeIDE.app/Contents/Eclipse/plugins/com.st.stm32cube.ide.mcu.externaltools.gnu-tools-for-stm32.12.3.rel1.macos64_1.0.200.202406191456/tools/bin/../lib/gcc/arm-none-eabi/12.3.1/../../../../arm-none-eabi/lib/thumb/v7e-m+fp/hard/libc_nano.a(libc_a-nano-vfprintf.o)
 .rodata._printf_i.str1.1
                0x080081c1       0x22 /Applications/STM32CubeIDE.app/Contents/Eclipse/plugins/com.st.stm32cube.ide.mcu.externaltools.gnu-tools-for-stm32.12.3.rel1.macos64_1.0.200.202406191456/tools/bin/../lib/gcc/arm-none-eabi/12.3.1/../../../../arm-none-eabi/lib/thumb/v7e-m+fp/hard/libc_nano.a(libc_a-nano-vfprintf_i.o)
                0x080081e4                        . = ALIGN (0x4)
 *fill*         0x080081e3        0x1 

.ARM.extab
 *(.ARM.extab* .gnu.linkonce.armextab.*)

.ARM            0x080081e4        0x8
                0x080081e4                        __exidx_start = .
 *(.ARM.exidx*)
 .ARM.exidx     0x080081e4        0x8 /Applications/STM32CubeIDE.app/Contents/Eclipse/plugins/com.st.stm32cube.ide.mcu.externaltools.gnu-tools-for-stm32.12.3.rel1.macos64_1.0.200.202406191456/tools/bin/../lib/gcc/arm-none-eabi/12.3.1/../../../../arm-none-eabi/lib/thumb/v7e-m+fp/hard/libc_nano.a(libc_a-memchr.o)
 .ARM.exidx     0x080081ec        0x0 /Applications/STM32CubeIDE.app/Contents/Eclipse/plugins/com.st.stm32cube.ide.mcu.externaltools.gnu-tools-for-stm32.12.3.rel1.macos64_1.0.200.202406191456/tools/bin/../lib/gcc/arm-none-eabi/12.3.1/thumb/v7e-m+fp/hard/libgcc.a(_udivmoddi4.o)
                                  0x8 (size before relaxing)
                0x080081ec                        __exidx_end = .

.preinit_array  0x080081ec        0x0
                0x080081ec                        PROVIDE (__preinit_array_start = .)
 *(.preinit_array*)
                0x080081ec                        PROVIDE (__preinit_array_end = .)

.init_array     0x080081ec        0x4
                0x080081ec                        PROVIDE (__init_array_start = .)
 *(SORT_BY_NAME(.init_array.*))
 *(.init_array*)
 .init_array    0x080081ec        0x4 /Applications/STM32CubeIDE.app/Contents/Eclipse/plugins/com.st.stm32cube.ide.mcu.externaltools.gnu-tools-for-stm32.12.3.rel1.macos64_1.0.200.202406191456/tools/bin/../lib/gcc/arm-none-eabi/12.3.1/thumb/v7e-m+fp/hard/crtbegin.o
                0x080081f0                        PROVIDE (__init_array_end = .)

.fini_array     0x080081f0        0x4
                [!provide]                        PROVIDE (__fini_array_start = .)
 *(SORT_BY_NAME(.fini_array.*))
 *(.fini_array*)
 .fini_array    0x080081f0        0x4 /Applications/STM32CubeIDE.app/Contents/Eclipse/plugins/com.st.stm32cube.ide.mcu.externaltools.gnu-tools-for-stm32.12.3.rel1.macos64_1.0.200.202406191456/tools/bin/../lib/gcc/arm-none-eabi/12.3.1/thumb/v7e-m+fp/hard/crtbegin.o
                [!provide]                        PROVIDE (__fini_array_end = .)
                0x080081f4                        _sidata = LOADADDR (.data)

.rel.dyn        0x080081f4        0x0
 .rel.iplt      0x080081f4        0x0 /Applications/STM32CubeIDE.app/Contents/Eclipse/plugins/com.st.stm32cube.ide.mcu.externaltools.gnu-tools-for-stm32.12.3.rel1.macos64_1.0.200.202406191456/tools/bin/../lib/gcc/arm-none-eabi/12.3.1/thumb/v7e-m+fp/hard/crtbegin.o

.data           0x20000008       0x8c load address 0x080081f4
                0x20000008                        . = ALIGN (0x4)
                0x20000008                        _sdata = .
 *(.data)
 *(.data*)
 .data.SamplingRate
                0x20000008        0x4 ./Core/Src/main.o
                0x20000008                SamplingRate
 .data.Wavelength
                0x2000000c        0x4 ./Core/Src/main.o
                0x2000000c                Wavelength
 .data.SystemCoreClock
                0x20000010        0x4 ./Core/Src/system_stm32wbxx.o
                0x20000010                SystemCoreClock
 .data.GPIO_PORT
                0x20000014        0xc ./Drivers/BSP/P-NUCLEO-WB55.Nucleo/stm32wbxx_nucleo.o
                0x20000014                GPIO_PORT
 .data.BUTTON_PORT
                0x20000020        0xc ./Drivers/BSP/P-NUCLEO-WB55.Nucleo/stm32wbxx_nucleo.o
                0x20000020                BUTTON_PORT
 .data.COM_USART
                0x2000002c        0x4 ./Drivers/BSP/P-NUCLEO-WB55.Nucleo/stm32wbxx_nucleo.o
 .data.uwTickPrio
                0x20000030        0x4 ./Drivers/STM32WBxx_HAL_Driver/Src/stm32wbxx_hal.o
                0x20000030                uwTickPrio
 .data.uwTickFreq
                0x20000034        0x1 ./Drivers/STM32WBxx_HAL_Driver/Src/stm32wbxx_hal.o
                0x20000034                uwTickFreq
 *fill*         0x20000035        0x3 
 .data.__sglue  0x20000038        0xc /Applications/STM32CubeIDE.app/Contents/Eclipse/plugins/com.st.stm32cube.ide.mcu.externaltools.gnu-tools-for-stm32.12.3.rel1.macos64_1.0.200.202406191456/tools/bin/../lib/gcc/arm-none-eabi/12.3.1/../../../../arm-none-eabi/lib/thumb/v7e-m+fp/hard/libc_nano.a(libc_a-findfp.o)
                0x20000038                __sglue
 .data._impure_ptr
                0x20000044        0x4 /Applications/STM32CubeIDE.app/Contents/Eclipse/plugins/com.st.stm32cube.ide.mcu.externaltools.gnu-tools-for-stm32.12.3.rel1.macos64_1.0.200.202406191456/tools/bin/../lib/gcc/arm-none-eabi/12.3.1/../../../../arm-none-eabi/lib/thumb/v7e-m+fp/hard/libc_nano.a(libc_a-impure.o)
                0x20000044                _impure_ptr
 .data._impure_data
                0x20000048       0x4c /Applications/STM32CubeIDE.app/Contents/Eclipse/plugins/com.st.stm32cube.ide.mcu.externaltools.gnu-tools-for-stm32.12.3.rel1.macos64_1.0.200.202406191456/tools/bin/../lib/gcc/arm-none-eabi/12.3.1/../../../../arm-none-eabi/lib/thumb/v7e-m+fp/hard/libc_nano.a(libc_a-impure.o)
                0x20000048                _impure_data
 *(.RamFunc)
 *(.RamFunc*)
                0x20000094                        . = ALIGN (0x4)
                0x20000094                        _edata = .

.igot.plt       0x20000094        0x0 load address 0x08008280
 .igot.plt      0x20000094        0x0 /Applications/STM32CubeIDE.app/Contents/Eclipse/plugins/com.st.stm32cube.ide.mcu.externaltools.gnu-tools-for-stm32.12.3.rel1.macos64_1.0.200.202406191456/tools/bin/../lib/gcc/arm-none-eabi/12.3.1/thumb/v7e-m+fp/hard/crtbegin.o
                0x20000094                        . = ALIGN (0x4)

.bss            0x20000094     0x5374 load address 0x08008280
                0x20000094                        _sbss = .
                0x20000094                        __bss_start__ = _sbss
 *(.bss)
 .bss           0x20000094       0x1c /Applications/STM32CubeIDE.app/Contents/Eclipse/plugins/com.st.stm32cube.ide.mcu.externaltools.gnu-tools-for-stm32.12.3.rel1.macos64_1.0.200.202406191456/tools/bin/../lib/gcc/arm-none-eabi/12.3.1/thumb/v7e-m+fp/hard/crtbegin.o
 *(.bss*)
 .bss.BspCOMInit
                0x200000b0       0x10 ./Core/Src/main.o
                0x200000b0                BspCOMInit
 .bss.hadc1     0x200000c0       0x64 ./Core/Src/main.o
                0x200000c0                hadc1
 .bss.hdma_adc1
                0x20000124       0x60 ./Core/Src/main.o
                0x20000124                hdma_adc1
 .bss.hlpuart1  0x20000184       0x94 ./Core/Src/main.o
                0x20000184                hlpuart1
 .bss.adc_buffer
                0x20000218     0x1000 ./Core/Src/main.o
                0x20000218                adc_buffer
 .bss.fft_input_I
                0x20001218     0x1000 ./Core/Src/main.o
                0x20001218                fft_input_I
 .bss.fft_input_Q
                0x20002218     0x1000 ./Core/Src/main.o
                0x20002218                fft_input_Q
 .bss.fft_output_I
                0x20003218     0x1000 ./Core/Src/main.o
                0x20003218                fft_output_I
 .bss.fft_output_Q
                0x20004218     0x1000 ./Core/Src/main.o
                0x20004218                fft_output_Q
 .bss.adc_conversion_complete
                0x20005218        0x1 ./Core/Src/main.o
                0x20005218                adc_conversion_complete
 *fill*         0x20005219        0x3 
 .bss.__sbrk_heap_end
                0x2000521c        0x4 ./Core/Src/sysmem.o
 .bss.hcom_uart
                0x20005220       0x94 ./Drivers/BSP/P-NUCLEO-WB55.Nucleo/stm32wbxx_nucleo.o
                0x20005220                hcom_uart
 .bss.COM_ActiveLogPort
                0x200052b4        0x1 ./Drivers/BSP/P-NUCLEO-WB55.Nucleo/stm32wbxx_nucleo.o
 *fill*         0x200052b5        0x3 
 .bss.uwTick    0x200052b8        0x4 ./Drivers/STM32WBxx_HAL_Driver/Src/stm32wbxx_hal.o
                0x200052b8                uwTick
 .bss.__sf      0x200052bc      0x138 /Applications/STM32CubeIDE.app/Contents/Eclipse/plugins/com.st.stm32cube.ide.mcu.externaltools.gnu-tools-for-stm32.12.3.rel1.macos64_1.0.200.202406191456/tools/bin/../lib/gcc/arm-none-eabi/12.3.1/../../../../arm-none-eabi/lib/thumb/v7e-m+fp/hard/libc_nano.a(libc_a-findfp.o)
                0x200052bc                __sf
 .bss.__stdio_exit_handler
                0x200053f4        0x4 /Applications/STM32CubeIDE.app/Contents/Eclipse/plugins/com.st.stm32cube.ide.mcu.externaltools.gnu-tools-for-stm32.12.3.rel1.macos64_1.0.200.202406191456/tools/bin/../lib/gcc/arm-none-eabi/12.3.1/../../../../arm-none-eabi/lib/thumb/v7e-m+fp/hard/libc_nano.a(libc_a-findfp.o)
                0x200053f4                __stdio_exit_handler
 .bss.__lock___malloc_recursive_mutex
                0x200053f8        0x1 /Applications/STM32CubeIDE.app/Contents/Eclipse/plugins/com.st.stm32cube.ide.mcu.externaltools.gnu-tools-for-stm32.12.3.rel1.macos64_1.0.200.202406191456/tools/bin/../lib/gcc/arm-none-eabi/12.3.1/../../../../arm-none-eabi/lib/thumb/v7e-m+fp/hard/libc_nano.a(libc_a-lock.o)
                0x200053f8                __lock___malloc_recursive_mutex
 .bss.__lock___sfp_recursive_mutex
                0x200053f9        0x1 /Applications/STM32CubeIDE.app/Contents/Eclipse/plugins/com.st.stm32cube.ide.mcu.externaltools.gnu-tools-for-stm32.12.3.rel1.macos64_1.0.200.202406191456/tools/bin/../lib/gcc/arm-none-eabi/12.3.1/../../../../arm-none-eabi/lib/thumb/v7e-m+fp/hard/libc_nano.a(libc_a-lock.o)
                0x200053f9                __lock___sfp_recursive_mutex
 *fill*         0x200053fa        0x2 
 .bss.__malloc_sbrk_start
                0x200053fc        0x4 /Applications/STM32CubeIDE.app/Contents/Eclipse/plugins/com.st.stm32cube.ide.mcu.externaltools.gnu-tools-for-stm32.12.3.rel1.macos64_1.0.200.202406191456/tools/bin/../lib/gcc/arm-none-eabi/12.3.1/../../../../arm-none-eabi/lib/thumb/v7e-m+fp/hard/libc_nano.a(libc_a-mallocr.o)
                0x200053fc                __malloc_sbrk_start
 .bss.__malloc_free_list
                0x20005400        0x4 /Applications/STM32CubeIDE.app/Contents/Eclipse/plugins/com.st.stm32cube.ide.mcu.externaltools.gnu-tools-for-stm32.12.3.rel1.macos64_1.0.200.202406191456/tools/bin/../lib/gcc/arm-none-eabi/12.3.1/../../../../arm-none-eabi/lib/thumb/v7e-m+fp/hard/libc_nano.a(libc_a-mallocr.o)
                0x20005400                __malloc_free_list
 .bss.errno     0x20005404        0x4 /Applications/STM32CubeIDE.app/Contents/Eclipse/plugins/com.st.stm32cube.ide.mcu.externaltools.gnu-tools-for-stm32.12.3.rel1.macos64_1.0.200.202406191456/tools/bin/../lib/gcc/arm-none-eabi/12.3.1/../../../../arm-none-eabi/lib/thumb/v7e-m+fp/hard/libc_nano.a(libc_a-reent.o)
                0x20005404                errno
 *(COMMON)
                0x20005408                        . = ALIGN (0x4)
                0x20005408                        _ebss = .
                0x20005408                        __bss_end__ = _ebss

._user_heap_stack
                0x20005408      0x600 load address 0x08008280
                0x20005408                        . = ALIGN (0x8)
                [!provide]                        PROVIDE (end = .)
                0x20005408                        PROVIDE (_end = .)
                0x20005608                        . = (. + _Min_Heap_Size)
 *fill*         0x20005408      0x200 
                0x20005a08                        . = (. + _Min_Stack_Size)
 *fill*         0x20005608      0x400 
                0x20005a08                        . = ALIGN (0x8)

/DISCARD/
 libc.a(*)
 libm.a(*)
 libgcc.a(*)

.ARM.attributes
                0x00000000       0x30
 *(.ARM.attributes)
 .ARM.attributes
                0x00000000       0x22 /Applications/STM32CubeIDE.app/Contents/Eclipse/plugins/com.st.stm32cube.ide.mcu.externaltools.gnu-tools-for-stm32.12.3.rel1.macos64_1.0.200.202406191456/tools/bin/../lib/gcc/arm-none-eabi/12.3.1/thumb/v7e-m+fp/hard/crti.o
 .ARM.attributes
                0x00000022       0x34 /Applications/STM32CubeIDE.app/Contents/Eclipse/plugins/com.st.stm32cube.ide.mcu.externaltools.gnu-tools-for-stm32.12.3.rel1.macos64_1.0.200.202406191456/tools/bin/../lib/gcc/arm-none-eabi/12.3.1/thumb/v7e-m+fp/hard/crtbegin.o
 .ARM.attributes
                0x00000056       0x34 ./Core/Src/main.o
 .ARM.attributes
                0x0000008a       0x34 ./Core/Src/stm32wbxx_hal_msp.o
 .ARM.attributes
                0x000000be       0x34 ./Core/Src/stm32wbxx_it.o
 .ARM.attributes
                0x000000f2       0x34 ./Core/Src/syscalls.o
 .ARM.attributes
                0x00000126       0x34 ./Core/Src/sysmem.o
 .ARM.attributes
                0x0000015a       0x34 ./Core/Src/system_stm32wbxx.o
 .ARM.attributes
                0x0000018e       0x21 ./Core/Startup/startup_stm32wb55rgvx.o
 .ARM.attributes
                0x000001af       0x34 ./Drivers/BSP/P-NUCLEO-WB55.Nucleo/stm32wbxx_nucleo.o
 .ARM.attributes
                0x000001e3       0x34 ./Drivers/CMSIS/Include/arm_cfft_f32.o
 .ARM.attributes
                0x00000217       0x34 ./Drivers/CMSIS/Include/arm_rfft_fast_f32.o
 .ARM.attributes
                0x0000024b       0x34 ./Drivers/STM32WBxx_HAL_Driver/Src/stm32wbxx_hal.o
 .ARM.attributes
                0x0000027f       0x34 ./Drivers/STM32WBxx_HAL_Driver/Src/stm32wbxx_hal_adc.o
 .ARM.attributes
                0x000002b3       0x34 ./Drivers/STM32WBxx_HAL_Driver/Src/stm32wbxx_hal_cortex.o
 .ARM.attributes
                0x000002e7       0x34 ./Drivers/STM32WBxx_HAL_Driver/Src/stm32wbxx_hal_dma.o
 .ARM.attributes
                0x0000031b       0x34 ./Drivers/STM32WBxx_HAL_Driver/Src/stm32wbxx_hal_gpio.o
 .ARM.attributes
                0x0000034f       0x34 ./Drivers/STM32WBxx_HAL_Driver/Src/stm32wbxx_hal_pwr.o
 .ARM.attributes
                0x00000383       0x34 ./Drivers/STM32WBxx_HAL_Driver/Src/stm32wbxx_hal_pwr_ex.o
 .ARM.attributes
                0x000003b7       0x34 ./Drivers/STM32WBxx_HAL_Driver/Src/stm32wbxx_hal_rcc.o
 .ARM.attributes
                0x000003eb       0x34 ./Drivers/STM32WBxx_HAL_Driver/Src/stm32wbxx_hal_rcc_ex.o
 .ARM.attributes
                0x0000041f       0x34 ./Drivers/STM32WBxx_HAL_Driver/Src/stm32wbxx_hal_uart.o
 .ARM.attributes
                0x00000453       0x34 ./Drivers/STM32WBxx_HAL_Driver/Src/stm32wbxx_hal_uart_ex.o
 .ARM.attributes
                0x00000487       0x34 /Applications/STM32CubeIDE.app/Contents/Eclipse/plugins/com.st.stm32cube.ide.mcu.externaltools.gnu-tools-for-stm32.12.3.rel1.macos64_1.0.200.202406191456/tools/bin/../lib/gcc/arm-none-eabi/12.3.1/../../../../arm-none-eabi/lib/thumb/v7e-m+fp/hard/libc_nano.a(libc_a-findfp.o)
 .ARM.attributes
                0x000004bb       0x34 /Applications/STM32CubeIDE.app/Contents/Eclipse/plugins/com.st.stm32cube.ide.mcu.externaltools.gnu-tools-for-stm32.12.3.rel1.macos64_1.0.200.202406191456/tools/bin/../lib/gcc/arm-none-eabi/12.3.1/../../../../arm-none-eabi/lib/thumb/v7e-m+fp/hard/libc_nano.a(libc_a-fwalk.o)
 .ARM.attributes
                0x000004ef       0x34 /Applications/STM32CubeIDE.app/Contents/Eclipse/plugins/com.st.stm32cube.ide.mcu.externaltools.gnu-tools-for-stm32.12.3.rel1.macos64_1.0.200.202406191456/tools/bin/../lib/gcc/arm-none-eabi/12.3.1/../../../../arm-none-eabi/lib/thumb/v7e-m+fp/hard/libc_nano.a(libc_a-printf.o)
 .ARM.attributes
                0x00000523       0x34 /Applications/STM32CubeIDE.app/Contents/Eclipse/plugins/com.st.stm32cube.ide.mcu.externaltools.gnu-tools-for-stm32.12.3.rel1.macos64_1.0.200.202406191456/tools/bin/../lib/gcc/arm-none-eabi/12.3.1/../../../../arm-none-eabi/lib/thumb/v7e-m+fp/hard/libc_nano.a(libc_a-memset.o)
 .ARM.attributes
                0x00000557       0x34 /Applications/STM32CubeIDE.app/Contents/Eclipse/plugins/com.st.stm32cube.ide.mcu.externaltools.gnu-tools-for-stm32.12.3.rel1.macos64_1.0.200.202406191456/tools/bin/../lib/gcc/arm-none-eabi/12.3.1/../../../../arm-none-eabi/lib/thumb/v7e-m+fp/hard/libc_nano.a(libc_a-impure.o)
 .ARM.attributes
                0x0000058b       0x34 /Applications/STM32CubeIDE.app/Contents/Eclipse/plugins/com.st.stm32cube.ide.mcu.externaltools.gnu-tools-for-stm32.12.3.rel1.macos64_1.0.200.202406191456/tools/bin/../lib/gcc/arm-none-eabi/12.3.1/../../../../arm-none-eabi/lib/thumb/v7e-m+fp/hard/libc_nano.a(libc_a-errno.o)
 .ARM.attributes
                0x000005bf       0x34 /Applications/STM32CubeIDE.app/Contents/Eclipse/plugins/com.st.stm32cube.ide.mcu.externaltools.gnu-tools-for-stm32.12.3.rel1.macos64_1.0.200.202406191456/tools/bin/../lib/gcc/arm-none-eabi/12.3.1/../../../../arm-none-eabi/lib/thumb/v7e-m+fp/hard/libc_nano.a(libc_a-init.o)
 .ARM.attributes
                0x000005f3       0x34 /Applications/STM32CubeIDE.app/Contents/Eclipse/plugins/com.st.stm32cube.ide.mcu.externaltools.gnu-tools-for-stm32.12.3.rel1.macos64_1.0.200.202406191456/tools/bin/../lib/gcc/arm-none-eabi/12.3.1/../../../../arm-none-eabi/lib/thumb/v7e-m+fp/hard/libc_nano.a(libc_a-lock.o)
 .ARM.attributes
                0x00000627       0x34 /Applications/STM32CubeIDE.app/Contents/Eclipse/plugins/com.st.stm32cube.ide.mcu.externaltools.gnu-tools-for-stm32.12.3.rel1.macos64_1.0.200.202406191456/tools/bin/../lib/gcc/arm-none-eabi/12.3.1/../../../../arm-none-eabi/lib/thumb/v7e-m+fp/hard/libc_nano.a(libc_a-nano-vfprintf.o)
 .ARM.attributes
                0x0000065b       0x34 /Applications/STM32CubeIDE.app/Contents/Eclipse/plugins/com.st.stm32cube.ide.mcu.externaltools.gnu-tools-for-stm32.12.3.rel1.macos64_1.0.200.202406191456/tools/bin/../lib/gcc/arm-none-eabi/12.3.1/../../../../arm-none-eabi/lib/thumb/v7e-m+fp/hard/libc_nano.a(libc_a-mallocr.o)
 .ARM.attributes
                0x0000068f       0x34 /Applications/STM32CubeIDE.app/Contents/Eclipse/plugins/com.st.stm32cube.ide.mcu.externaltools.gnu-tools-for-stm32.12.3.rel1.macos64_1.0.200.202406191456/tools/bin/../lib/gcc/arm-none-eabi/12.3.1/../../../../arm-none-eabi/lib/thumb/v7e-m+fp/hard/libc_nano.a(libc_a-nano-vfprintf_i.o)
 .ARM.attributes
                0x000006c3       0x34 /Applications/STM32CubeIDE.app/Contents/Eclipse/plugins/com.st.stm32cube.ide.mcu.externaltools.gnu-tools-for-stm32.12.3.rel1.macos64_1.0.200.202406191456/tools/bin/../lib/gcc/arm-none-eabi/12.3.1/../../../../arm-none-eabi/lib/thumb/v7e-m+fp/hard/libc_nano.a(libc_a-fflush.o)
 .ARM.attributes
                0x000006f7       0x34 /Applications/STM32CubeIDE.app/Contents/Eclipse/plugins/com.st.stm32cube.ide.mcu.externaltools.gnu-tools-for-stm32.12.3.rel1.macos64_1.0.200.202406191456/tools/bin/../lib/gcc/arm-none-eabi/12.3.1/../../../../arm-none-eabi/lib/thumb/v7e-m+fp/hard/libc_nano.a(libc_a-mlock.o)
 .ARM.attributes
                0x0000072b       0x34 /Applications/STM32CubeIDE.app/Contents/Eclipse/plugins/com.st.stm32cube.ide.mcu.externaltools.gnu-tools-for-stm32.12.3.rel1.macos64_1.0.200.202406191456/tools/bin/../lib/gcc/arm-none-eabi/12.3.1/../../../../arm-none-eabi/lib/thumb/v7e-m+fp/hard/libc_nano.a(libc_a-stdio.o)
 .ARM.attributes
                0x0000075f       0x34 /Applications/STM32CubeIDE.app/Contents/Eclipse/plugins/com.st.stm32cube.ide.mcu.externaltools.gnu-tools-for-stm32.12.3.rel1.macos64_1.0.200.202406191456/tools/bin/../lib/gcc/arm-none-eabi/12.3.1/../../../../arm-none-eabi/lib/thumb/v7e-m+fp/hard/libc_nano.a(libc_a-wbuf.o)
 .ARM.attributes
                0x00000793       0x34 /Applications/STM32CubeIDE.app/Contents/Eclipse/plugins/com.st.stm32cube.ide.mcu.externaltools.gnu-tools-for-stm32.12.3.rel1.macos64_1.0.200.202406191456/tools/bin/../lib/gcc/arm-none-eabi/12.3.1/../../../../arm-none-eabi/lib/thumb/v7e-m+fp/hard/libc_nano.a(libc_a-wsetup.o)
 .ARM.attributes
                0x000007c7       0x34 /Applications/STM32CubeIDE.app/Contents/Eclipse/plugins/com.st.stm32cube.ide.mcu.externaltools.gnu-tools-for-stm32.12.3.rel1.macos64_1.0.200.202406191456/tools/bin/../lib/gcc/arm-none-eabi/12.3.1/../../../../arm-none-eabi/lib/thumb/v7e-m+fp/hard/libc_nano.a(libc_a-makebuf.o)
 .ARM.attributes
                0x000007fb       0x34 /Applications/STM32CubeIDE.app/Contents/Eclipse/plugins/com.st.stm32cube.ide.mcu.externaltools.gnu-tools-for-stm32.12.3.rel1.macos64_1.0.200.202406191456/tools/bin/../lib/gcc/arm-none-eabi/12.3.1/../../../../arm-none-eabi/lib/thumb/v7e-m+fp/hard/libc_nano.a(libc_a-closer.o)
 .ARM.attributes
                0x0000082f       0x34 /Applications/STM32CubeIDE.app/Contents/Eclipse/plugins/com.st.stm32cube.ide.mcu.externaltools.gnu-tools-for-stm32.12.3.rel1.macos64_1.0.200.202406191456/tools/bin/../lib/gcc/arm-none-eabi/12.3.1/../../../../arm-none-eabi/lib/thumb/v7e-m+fp/hard/libc_nano.a(libc_a-reent.o)
 .ARM.attributes
                0x00000863       0x34 /Applications/STM32CubeIDE.app/Contents/Eclipse/plugins/com.st.stm32cube.ide.mcu.externaltools.gnu-tools-for-stm32.12.3.rel1.macos64_1.0.200.202406191456/tools/bin/../lib/gcc/arm-none-eabi/12.3.1/../../../../arm-none-eabi/lib/thumb/v7e-m+fp/hard/libc_nano.a(libc_a-fstatr.o)
 .ARM.attributes
                0x00000897       0x34 /Applications/STM32CubeIDE.app/Contents/Eclipse/plugins/com.st.stm32cube.ide.mcu.externaltools.gnu-tools-for-stm32.12.3.rel1.macos64_1.0.200.202406191456/tools/bin/../lib/gcc/arm-none-eabi/12.3.1/../../../../arm-none-eabi/lib/thumb/v7e-m+fp/hard/libc_nano.a(libc_a-isattyr.o)
 .ARM.attributes
                0x000008cb       0x34 /Applications/STM32CubeIDE.app/Contents/Eclipse/plugins/com.st.stm32cube.ide.mcu.externaltools.gnu-tools-for-stm32.12.3.rel1.macos64_1.0.200.202406191456/tools/bin/../lib/gcc/arm-none-eabi/12.3.1/../../../../arm-none-eabi/lib/thumb/v7e-m+fp/hard/libc_nano.a(libc_a-lseekr.o)
 .ARM.attributes
                0x000008ff       0x34 /Applications/STM32CubeIDE.app/Contents/Eclipse/plugins/com.st.stm32cube.ide.mcu.externaltools.gnu-tools-for-stm32.12.3.rel1.macos64_1.0.200.202406191456/tools/bin/../lib/gcc/arm-none-eabi/12.3.1/../../../../arm-none-eabi/lib/thumb/v7e-m+fp/hard/libc_nano.a(libc_a-readr.o)
 .ARM.attributes
                0x00000933       0x34 /Applications/STM32CubeIDE.app/Contents/Eclipse/plugins/com.st.stm32cube.ide.mcu.externaltools.gnu-tools-for-stm32.12.3.rel1.macos64_1.0.200.202406191456/tools/bin/../lib/gcc/arm-none-eabi/12.3.1/../../../../arm-none-eabi/lib/thumb/v7e-m+fp/hard/libc_nano.a(libc_a-sbrkr.o)
 .ARM.attributes
                0x00000967       0x34 /Applications/STM32CubeIDE.app/Contents/Eclipse/plugins/com.st.stm32cube.ide.mcu.externaltools.gnu-tools-for-stm32.12.3.rel1.macos64_1.0.200.202406191456/tools/bin/../lib/gcc/arm-none-eabi/12.3.1/../../../../arm-none-eabi/lib/thumb/v7e-m+fp/hard/libc_nano.a(libc_a-writer.o)
 .ARM.attributes
                0x0000099b       0x1c /Applications/STM32CubeIDE.app/Contents/Eclipse/plugins/com.st.stm32cube.ide.mcu.externaltools.gnu-tools-for-stm32.12.3.rel1.macos64_1.0.200.202406191456/tools/bin/../lib/gcc/arm-none-eabi/12.3.1/../../../../arm-none-eabi/lib/thumb/v7e-m+fp/hard/libc_nano.a(libc_a-memchr.o)
 .ARM.attributes
                0x000009b7       0x34 /Applications/STM32CubeIDE.app/Contents/Eclipse/plugins/com.st.stm32cube.ide.mcu.externaltools.gnu-tools-for-stm32.12.3.rel1.macos64_1.0.200.202406191456/tools/bin/../lib/gcc/arm-none-eabi/12.3.1/../../../../arm-none-eabi/lib/thumb/v7e-m+fp/hard/libc_nano.a(libc_a-freer.o)
 .ARM.attributes
                0x000009eb       0x34 /Applications/STM32CubeIDE.app/Contents/Eclipse/plugins/com.st.stm32cube.ide.mcu.externaltools.gnu-tools-for-stm32.12.3.rel1.macos64_1.0.200.202406191456/tools/bin/../lib/gcc/arm-none-eabi/12.3.1/../../../../arm-none-eabi/lib/thumb/v7e-m+fp/hard/libm.a(libm_a-wf_sqrt.o)
 .ARM.attributes
                0x00000a1f       0x34 /Applications/STM32CubeIDE.app/Contents/Eclipse/plugins/com.st.stm32cube.ide.mcu.externaltools.gnu-tools-for-stm32.12.3.rel1.macos64_1.0.200.202406191456/tools/bin/../lib/gcc/arm-none-eabi/12.3.1/../../../../arm-none-eabi/lib/thumb/v7e-m+fp/hard/libm.a(libm_a-ef_sqrt.o)
 .ARM.attributes
                0x00000a53       0x22 /Applications/STM32CubeIDE.app/Contents/Eclipse/plugins/com.st.stm32cube.ide.mcu.externaltools.gnu-tools-for-stm32.12.3.rel1.macos64_1.0.200.202406191456/tools/bin/../lib/gcc/arm-none-eabi/12.3.1/thumb/v7e-m+fp/hard/libgcc.a(_arm_addsubdf3.o)
 .ARM.attributes
                0x00000a75       0x22 /Applications/STM32CubeIDE.app/Contents/Eclipse/plugins/com.st.stm32cube.ide.mcu.externaltools.gnu-tools-for-stm32.12.3.rel1.macos64_1.0.200.202406191456/tools/bin/../lib/gcc/arm-none-eabi/12.3.1/thumb/v7e-m+fp/hard/libgcc.a(_aeabi_uldivmod.o)
 .ARM.attributes
                0x00000a97       0x34 /Applications/STM32CubeIDE.app/Contents/Eclipse/plugins/com.st.stm32cube.ide.mcu.externaltools.gnu-tools-for-stm32.12.3.rel1.macos64_1.0.200.202406191456/tools/bin/../lib/gcc/arm-none-eabi/12.3.1/thumb/v7e-m+fp/hard/libgcc.a(_udivmoddi4.o)
 .ARM.attributes
                0x00000acb       0x22 /Applications/STM32CubeIDE.app/Contents/Eclipse/plugins/com.st.stm32cube.ide.mcu.externaltools.gnu-tools-for-stm32.12.3.rel1.macos64_1.0.200.202406191456/tools/bin/../lib/gcc/arm-none-eabi/12.3.1/thumb/v7e-m+fp/hard/libgcc.a(_dvmd_tls.o)
 .ARM.attributes
                0x00000aed       0x22 /Applications/STM32CubeIDE.app/Contents/Eclipse/plugins/com.st.stm32cube.ide.mcu.externaltools.gnu-tools-for-stm32.12.3.rel1.macos64_1.0.200.202406191456/tools/bin/../lib/gcc/arm-none-eabi/12.3.1/thumb/v7e-m+fp/hard/crtn.o

MAPPING_TABLE
 *(MAPPING_TABLE)

MB_MEM1
 *(MB_MEM1)
                0x08008280                        _siMB_MEM2 = LOADADDR (.MB_MEM2)

.MB_MEM2        0x20030000        0x0 load address 0x08008280
                0x20030000                        _sMB_MEM2 = .
 *(MB_MEM2)
                0x20030000                        _eMB_MEM2 = .
OUTPUT(RF_test.elf elf32-littlearm)
LOAD linker stubs
LOAD /Applications/STM32CubeIDE.app/Contents/Eclipse/plugins/com.st.stm32cube.ide.mcu.externaltools.gnu-tools-for-stm32.12.3.rel1.macos64_1.0.200.202406191456/tools/bin/../lib/gcc/arm-none-eabi/12.3.1/../../../../arm-none-eabi/lib/thumb/v7e-m+fp/hard/libc.a
LOAD /Applications/STM32CubeIDE.app/Contents/Eclipse/plugins/com.st.stm32cube.ide.mcu.externaltools.gnu-tools-for-stm32.12.3.rel1.macos64_1.0.200.202406191456/tools/bin/../lib/gcc/arm-none-eabi/12.3.1/../../../../arm-none-eabi/lib/thumb/v7e-m+fp/hard/libm.a
LOAD /Applications/STM32CubeIDE.app/Contents/Eclipse/plugins/com.st.stm32cube.ide.mcu.externaltools.gnu-tools-for-stm32.12.3.rel1.macos64_1.0.200.202406191456/tools/bin/../lib/gcc/arm-none-eabi/12.3.1/thumb/v7e-m+fp/hard/libgcc.a

.debug_info     0x00000000    0x16024
 .debug_info    0x00000000     0x20c0 ./Core/Src/main.o
 .debug_info    0x000020c0     0x13a6 ./Core/Src/stm32wbxx_hal_msp.o
 .debug_info    0x00003466      0x4db ./Core/Src/stm32wbxx_it.o
 .debug_info    0x00003941      0x6a3 ./Core/Src/syscalls.o
 .debug_info    0x00003fe4      0x168 ./Core/Src/sysmem.o
 .debug_info    0x0000414c      0x703 ./Core/Src/system_stm32wbxx.o
 .debug_info    0x0000484f       0x30 ./Core/Startup/startup_stm32wb55rgvx.o
 .debug_info    0x0000487f     0x1d6c ./Drivers/BSP/P-NUCLEO-WB55.Nucleo/stm32wbxx_nucleo.o
 .debug_info    0x000065eb      0x55c ./Drivers/CMSIS/Include/arm_cfft_f32.o
 .debug_info    0x00006b47      0x448 ./Drivers/CMSIS/Include/arm_rfft_fast_f32.o
 .debug_info    0x00006f8f     0x12ae ./Drivers/STM32WBxx_HAL_Driver/Src/stm32wbxx_hal.o
 .debug_info    0x0000823d     0x1ded ./Drivers/STM32WBxx_HAL_Driver/Src/stm32wbxx_hal_adc.o
 .debug_info    0x0000a02a      0xccd ./Drivers/STM32WBxx_HAL_Driver/Src/stm32wbxx_hal_cortex.o
 .debug_info    0x0000acf7      0x839 ./Drivers/STM32WBxx_HAL_Driver/Src/stm32wbxx_hal_dma.o
 .debug_info    0x0000b530      0x6aa ./Drivers/STM32WBxx_HAL_Driver/Src/stm32wbxx_hal_gpio.o
 .debug_info    0x0000bbda      0x904 ./Drivers/STM32WBxx_HAL_Driver/Src/stm32wbxx_hal_pwr.o
 .debug_info    0x0000c4de     0x105d ./Drivers/STM32WBxx_HAL_Driver/Src/stm32wbxx_hal_pwr_ex.o
 .debug_info    0x0000d53b     0x14d1 ./Drivers/STM32WBxx_HAL_Driver/Src/stm32wbxx_hal_rcc.o
 .debug_info    0x0000ea0c     0x1c40 ./Drivers/STM32WBxx_HAL_Driver/Src/stm32wbxx_hal_rcc_ex.o
 .debug_info    0x0001064c     0x49f4 ./Drivers/STM32WBxx_HAL_Driver/Src/stm32wbxx_hal_uart.o
 .debug_info    0x00015040      0xfe4 ./Drivers/STM32WBxx_HAL_Driver/Src/stm32wbxx_hal_uart_ex.o

.debug_abbrev   0x00000000     0x2f51
 .debug_abbrev  0x00000000      0x326 ./Core/Src/main.o
 .debug_abbrev  0x00000326      0x24a ./Core/Src/stm32wbxx_hal_msp.o
 .debug_abbrev  0x00000570      0x16b ./Core/Src/stm32wbxx_it.o
 .debug_abbrev  0x000006db      0x1b6 ./Core/Src/syscalls.o
 .debug_abbrev  0x00000891       0xbc ./Core/Src/sysmem.o
 .debug_abbrev  0x0000094d      0x13b ./Core/Src/system_stm32wbxx.o
 .debug_abbrev  0x00000a88       0x24 ./Core/Startup/startup_stm32wb55rgvx.o
 .debug_abbrev  0x00000aac      0x319 ./Drivers/BSP/P-NUCLEO-WB55.Nucleo/stm32wbxx_nucleo.o
 .debug_abbrev  0x00000dc5      0x163 ./Drivers/CMSIS/Include/arm_cfft_f32.o
 .debug_abbrev  0x00000f28      0x169 ./Drivers/CMSIS/Include/arm_rfft_fast_f32.o
 .debug_abbrev  0x00001091      0x367 ./Drivers/STM32WBxx_HAL_Driver/Src/stm32wbxx_hal.o
 .debug_abbrev  0x000013f8      0x2cc ./Drivers/STM32WBxx_HAL_Driver/Src/stm32wbxx_hal_adc.o
 .debug_abbrev  0x000016c4      0x319 ./Drivers/STM32WBxx_HAL_Driver/Src/stm32wbxx_hal_cortex.o
 .debug_abbrev  0x000019dd      0x1e3 ./Drivers/STM32WBxx_HAL_Driver/Src/stm32wbxx_hal_dma.o
 .debug_abbrev  0x00001bc0      0x1e5 ./Drivers/STM32WBxx_HAL_Driver/Src/stm32wbxx_hal_gpio.o
 .debug_abbrev  0x00001da5      0x205 ./Drivers/STM32WBxx_HAL_Driver/Src/stm32wbxx_hal_pwr.o
 .debug_abbrev  0x00001faa      0x31c ./Drivers/STM32WBxx_HAL_Driver/Src/stm32wbxx_hal_pwr_ex.o
 .debug_abbrev  0x000022c6      0x31b ./Drivers/STM32WBxx_HAL_Driver/Src/stm32wbxx_hal_rcc.o
 .debug_abbrev  0x000025e1      0x35a ./Drivers/STM32WBxx_HAL_Driver/Src/stm32wbxx_hal_rcc_ex.o
 .debug_abbrev  0x0000293b      0x343 ./Drivers/STM32WBxx_HAL_Driver/Src/stm32wbxx_hal_uart.o
 .debug_abbrev  0x00002c7e      0x2d3 ./Drivers/STM32WBxx_HAL_Driver/Src/stm32wbxx_hal_uart_ex.o

.debug_aranges  0x00000000     0x16a0
 .debug_aranges
                0x00000000       0x78 ./Core/Src/main.o
 .debug_aranges
                0x00000078       0x60 ./Core/Src/stm32wbxx_hal_msp.o
 .debug_aranges
                0x000000d8       0x80 ./Core/Src/stm32wbxx_it.o
 .debug_aranges
                0x00000158       0xa8 ./Core/Src/syscalls.o
 .debug_aranges
                0x00000200       0x20 ./Core/Src/sysmem.o
 .debug_aranges
                0x00000220       0x28 ./Core/Src/system_stm32wbxx.o
 .debug_aranges
                0x00000248       0x30 ./Core/Startup/startup_stm32wb55rgvx.o
 .debug_aranges